Component: ARM Compiler 5.06 update 4 (build 422) Tool: armlink [4d35d2]

==============================================================================

Section Cross References

    main.o(i.Periph_Init) refers to delay.o(i.delay_init) for delay_init
    main.o(i.Periph_Init) refers to usart.o(i.uart_init) for uart_init
    main.o(i.Periph_Init) refers to exti.o(i.EXTIX_Init) for EXTIX_Init
    main.o(i.Periph_Init) refers to motor.o(i.TIM_Configuration) for TIM_Configuration
    main.o(i.Periph_Init) refers to led.o(i.LED_Init) for LED_Init
    main.o(i.Periph_Init) refers to led.o(i.GPIO_Config) for GPIO_Config
    main.o(i.Periph_Init) refers to adc.o(i.Adc_Init) for Adc_Init
    main.o(i.Periph_Init) refers to lcd.o(i.LCD_Init) for LCD_Init
    main.o(i.Periph_Init) refers to usart3.o(i.usart3_init) for usart3_init
    main.o(i.Periph_Init) refers to malloc.o(i.my_mem_init) for my_mem_init
    main.o(i.Periph_Init) refers to wifiap.o(i.atk_8266_wifiap_connect) for atk_8266_wifiap_connect
    main.o(i.main) refers to _printf_percent.o(.ARM.Collect$$_printf_percent$$00000000) for _printf_percent
    main.o(i.main) refers to _printf_d.o(.ARM.Collect$$_printf_percent$$00000009) for _printf_d
    main.o(i.main) refers to _printf_dec.o(.text) for _printf_int_dec
    main.o(i.main) refers to misc.o(i.NVIC_PriorityGroupConfig) for NVIC_PriorityGroupConfig
    main.o(i.main) refers to main.o(i.Periph_Init) for Periph_Init
    main.o(i.main) refers to malloc.o(i.mymalloc) for mymalloc
    main.o(i.main) refers to __2sprintf.o(.text) for __2sprintf
    main.o(i.main) refers to lcd.o(i.LCD_ShowString) for LCD_ShowString
    main.o(i.main) refers to malloc.o(i.myfree) for myfree
    main.o(i.main) refers to motor.o(i.car_stop) for car_stop
    main.o(i.main) refers to lcd.o(i.LCD_Clear) for LCD_Clear
    main.o(i.main) refers to motor.o(i.car_start_test) for car_start_test
    main.o(i.main) refers to motor.o(i.close_change_speed) for close_change_speed
    main.o(i.main) refers to motor.o(i.Motor_PID_setSpeed) for Motor_PID_setSpeed
    main.o(i.main) refers to motor.o(i.Motor_PWM_ChangeDuty) for Motor_PWM_ChangeDuty
    main.o(i.main) refers to motor.o(i.Servo_ChangDuty) for Servo_ChangDuty
    main.o(i.main) refers to motor.o(i.Servo_PWM_ChangeDuty) for Servo_PWM_ChangeDuty
    main.o(i.main) refers to adc.o(i.Auto_drive) for Auto_drive
    main.o(i.main) refers to adc.o(i.Draw_wave) for Draw_wave
    main.o(i.main) refers to usart3.o(.data) for USART3_RX_STA
    main.o(i.main) refers to main.o(.data) for rlen
    main.o(i.main) refers to usart3.o(.bss) for USART3_RX_BUF
    main.o(i.main) refers to timer.o(.data) for SPEED_DESIRE
    stm32f10x_it.o(i.TIM2_IRQHandler) refers to stm32f10x_tim.o(i.TIM_ClearITPendingBit) for TIM_ClearITPendingBit
    stm32f10x_it.o(i.TIM2_IRQHandler) refers to stm32f10x_it.o(.data) for rcnt2
    stm32f10x_it.o(i.TIM3_IRQHandler) refers to stm32f10x_tim.o(i.TIM_ClearITPendingBit) for TIM_ClearITPendingBit
    stm32f10x_it.o(i.TIM3_IRQHandler) refers to stm32f10x_it.o(.data) for rcnt3
    stm32f10x_it.o(i.TIM4_IRQHandler) refers to stm32f10x_tim.o(i.TIM_ClearITPendingBit) for TIM_ClearITPendingBit
    stm32f10x_it.o(i.TIM4_IRQHandler) refers to stm32f10x_it.o(.data) for rcnt4
    stm32f10x_it.o(i.TIM5_IRQHandler) refers to stm32f10x_tim.o(i.TIM_ClearITPendingBit) for TIM_ClearITPendingBit
    stm32f10x_it.o(i.TIM5_IRQHandler) refers to stm32f10x_it.o(.data) for rcnt5
    system_stm32f10x.o(i.SetSysClock) refers to system_stm32f10x.o(i.SetSysClockTo72) for SetSysClockTo72
    system_stm32f10x.o(i.SystemCoreClockUpdate) refers to system_stm32f10x.o(.data) for SystemCoreClock
    system_stm32f10x.o(i.SystemInit) refers to system_stm32f10x.o(i.SetSysClock) for SetSysClock
    startup_stm32f10x_hd.o(STACK) refers (Special) to heapauxi.o(.text) for __use_two_region_memory
    startup_stm32f10x_hd.o(HEAP) refers (Special) to heapauxi.o(.text) for __use_two_region_memory
    startup_stm32f10x_hd.o(RESET) refers (Special) to heapauxi.o(.text) for __use_two_region_memory
    startup_stm32f10x_hd.o(RESET) refers to startup_stm32f10x_hd.o(STACK) for __initial_sp
    startup_stm32f10x_hd.o(RESET) refers to startup_stm32f10x_hd.o(.text) for Reset_Handler
    startup_stm32f10x_hd.o(RESET) refers to stm32f10x_it.o(i.NMI_Handler) for NMI_Handler
    startup_stm32f10x_hd.o(RESET) refers to stm32f10x_it.o(i.HardFault_Handler) for HardFault_Handler
    startup_stm32f10x_hd.o(RESET) refers to stm32f10x_it.o(i.MemManage_Handler) for MemManage_Handler
    startup_stm32f10x_hd.o(RESET) refers to stm32f10x_it.o(i.BusFault_Handler) for BusFault_Handler
    startup_stm32f10x_hd.o(RESET) refers to stm32f10x_it.o(i.UsageFault_Handler) for UsageFault_Handler
    startup_stm32f10x_hd.o(RESET) refers to stm32f10x_it.o(i.SVC_Handler) for SVC_Handler
    startup_stm32f10x_hd.o(RESET) refers to stm32f10x_it.o(i.DebugMon_Handler) for DebugMon_Handler
[...]
    _signal_init                              - Undefined Weak Reference
    _terminate_alloc                          - Undefined Weak Reference
    _terminate_user_alloc                     - Undefined Weak Reference
    _terminateio                              - Undefined Weak Reference
    __Vectors_Size                           0x00000130   Number         0  startup_stm32f10x_hd.o ABSOLUTE
    __Vectors                                0x08000000   Data           4  startup_stm32f10x_hd.o(RESET)
    __Vectors_End                            0x08000130   Data           0  startup_stm32f10x_hd.o(RESET)
    __main                                   0x08000131   Thumb Code     8  __main.o(!!!main)
    __scatterload                            0x08000139   Thumb Code     0  __scatter.o(!!!scatter)
    __scatterload_rt2                        0x08000139   Thumb Code    44  __scatter.o(!!!scatter)
    __scatterload_rt2_thumb_only             0x08000139   Thumb Code     0  __scatter.o(!!!scatter)
    __scatterload_null                       0x08000147   Thumb Code     0  __scatter.o(!!!scatter)
    __decompress                             0x0800016d   Thumb Code    90  __dczerorl2.o(!!dczerorl2)
    __decompress1                            0x0800016d   Thumb Code     0  __dczerorl2.o(!!dczerorl2)
    __scatterload_zeroinit                   0x080001c9   Thumb Code    28  __scatter_zi.o(!!handler_zi)
    _printf_n                                0x080001e5   Thumb Code     0  _printf_n.o(.ARM.Collect$$_printf_percent$$00000001)
    _printf_percent                          0x080001e5   Thumb Code     0  _printf_percent.o(.ARM.Collect$$_printf_percent$$00000000)
    _printf_p                                0x080001eb   Thumb Code     0  _printf_p.o(.ARM.Collect$$_printf_percent$$00000002)
    _printf_f                                0x080001f1   Thumb Code     0  _printf_f.o(.ARM.Collect$$_printf_percent$$00000003)
    _printf_e                                0x080001f7   Thumb Code     0  _printf_e.o(.ARM.Collect$$_printf_percent$$00000004)
    _printf_g                                0x080001fd   Thumb Code     0  _printf_g.o(.ARM.Collect$$_printf_percent$$00000005)
    _printf_a                                0x08000203   Thumb Code     0  _printf_a.o(.ARM.Collect$$_printf_percent$$00000006)
    _printf_ll                               0x08000209   Thumb Code     0  _printf_ll.o(.ARM.Collect$$_printf_percent$$00000007)
    _printf_i                                0x08000213   Thumb Code     0  _printf_i.o(.ARM.Collect$$_printf_percent$$00000008)
    _printf_d                                0x08000219   Thumb Code     0  _printf_d.o(.ARM.Collect$$_printf_percent$$00000009)
    _printf_u                                0x0800021f   Thumb Code     0  _printf_u.o(.ARM.Collect$$_printf_percent$$0000000A)
    _printf_o                                0x08000225   Thumb Code     0  _printf_o.o(.ARM.Collect$$_printf_percent$$0000000B)
    _printf_x                                0x0800022b   Thumb Code     0  _printf_x.o(.ARM.Collect$$_printf_percent$$0000000C)
    _printf_lli                              0x08000231   Thumb Code     0  _printf_lli.o(.ARM.Collect$$_printf_percent$$0000000D)
    _printf_lld                              0x08000237   Thumb Code     0  _printf_lld.o(.ARM.Collect$$_printf_percent$$0000000E)
    _printf_llu                              0x0800023d   Thumb Code     0  _printf_llu.o(.ARM.Collect$$_printf_percent$$0000000F)
    _printf_llo                              0x08000243   Thumb Code     0  _printf_llo.o(.ARM.Collect$$_printf_percent$$00000010)
    _printf_llx                              0x08000249   Thumb Code     0  _printf_llx.o(.ARM.Collect$$_printf_percent$$00000011)
    _printf_l                                0x0800024f   Thumb Code     0  _printf_l.o(.ARM.Collect$$_printf_percent$$00000012)
    _printf_c                                0x08000259   Thumb Code     0  _printf_c.o(.ARM.Collect$$_printf_percent$$00000013)
    _printf_s                                0x0800025f   Thumb Code     0  _printf_s.o(.ARM.Collect$$_printf_percent$$00000014)
    _printf_lc                               0x08000265   Thumb Code     0  _printf_lc.o(.ARM.Collect$$_printf_percent$$00000015)
    _printf_ls                               0x0800026b   Thumb Code     0  _printf_ls.o(.ARM.Collect$$_printf_percent$$00000016)
    _printf_percent_end                      0x08000271   Thumb Code     0  _printf_percent_end.o(.ARM.Collect$$_printf_percent$$00000017)
    __rt_lib_init                            0x08000275   Thumb Code     0  libinit.o(.ARM.Collect$$libinit$$00000000)
    __rt_lib_init_fp_1                       0x08000277   Thumb Code     0  libinit2.o(.ARM.Collect$$libinit$$00000002)
    __rt_lib_init_heap_1                     0x08000277   Thumb Code     0  libinit2.o(.ARM.Collect$$libinit$$0000000A)
    __rt_lib_init_lc_common                  0x08000277   Thumb Code     0  libinit2.o(.ARM.Collect$$libinit$$0000000F)
    __rt_lib_init_preinit_1                  0x08000277   Thumb Code     0  libinit2.o(.ARM.Collect$$libinit$$00000004)
    __rt_lib_init_rand_1                     0x08000277   Thumb Code     0  libinit2.o(.ARM.Collect$$libinit$$0000000E)
    __rt_lib_init_user_alloc_1               0x08000277   Thumb Code     0  libinit2.o(.ARM.Collect$$libinit$$0000000C)
    __rt_lib_init_lc_collate_1               0x0800027d   Thumb Code     0  libinit2.o(.ARM.Collect$$libinit$$00000011)
    __rt_lib_init_lc_ctype_2                 0x0800027d   Thumb Code     0  libinit2.o(.ARM.Collect$$libinit$$00000012)
    __rt_lib_init_lc_ctype_1                 0x08000289   Thumb Code     0  libinit2.o(.ARM.Collect$$libinit$$00000013)
    __rt_lib_init_lc_monetary_1              0x08000289   Thumb Code     0  libinit2.o(.ARM.Collect$$libinit$$00000015)
    __rt_lib_init_lc_numeric_2               0x08000289   Thumb Code     0  libinit2.o(.ARM.Collect$$libinit$$00000016)
    __rt_lib_init_alloca_1                   0x08000293   Thumb Code     0  libinit2.o(.ARM.Collect$$libinit$$0000002E)
    __rt_lib_init_argv_1                     0x08000293   Thumb Code     0  libinit2.o(.ARM.Collect$$libinit$$0000002C)
    __rt_lib_init_atexit_1                   0x08000293   Thumb Code     0  libinit2.o(.ARM.Collect$$libinit$$0000001B)
    __rt_lib_init_clock_1                    0x08000293   Thumb Code     0  libinit2.o(.ARM.Collect$$libinit$$00000021)
    __rt_lib_init_cpp_1                      0x08000293   Thumb Code     0  libinit2.o(.ARM.Collect$$libinit$$00000032)
    __rt_lib_init_exceptions_1               0x08000293   Thumb Code     0  libinit2.o(.ARM.Collect$$libinit$$00000030)
    __rt_lib_init_fp_trap_1                  0x08000293   Thumb Code     0  libinit2.o(.ARM.Collect$$libinit$$0000001F)
    __rt_lib_init_getenv_1                   0x08000293   Thumb Code     0  libinit2.o(.ARM.Collect$$libinit$$00000023)
    __rt_lib_init_lc_numeric_1               0x08000293   Thumb Code     0  libinit2.o(.ARM.Collect$$libinit$$00000017)
    __rt_lib_init_lc_time_1                  0x08000293   Thumb Code     0  libinit2.o(.ARM.Collect$$libinit$$00000019)
    __rt_lib_init_return                     0x08000293   Thumb Code     0  libinit2.o(.ARM.Collect$$libinit$$00000033)
    __rt_lib_init_signal_1                   0x08000293   Thumb Code     0  libinit2.o(.ARM.Collect$$libinit$$0000001D)
    __rt_lib_init_stdio_1                    0x08000293   Thumb Code     0  libinit2.o(.ARM.Collect$$libinit$$00000025)
    __rt_lib_shutdown                        0x08000295   Thumb Code     0  libshutdown.o(.ARM.Collect$$libshutdown$$00000000)
    __rt_lib_shutdown_cpp_1                  0x08000297   Thumb Code     0  libshutdown2.o(.ARM.Collect$$libshutdown$$00000002)
    __rt_lib_shutdown_fp_trap_1              0x08000297   Thumb Code     0  libshutdown2.o(.ARM.Collect$$libshutdown$$00000007)
    __rt_lib_shutdown_heap_1                 0x08000297   Thumb Code     0  libshutdown2.o(.ARM.Collect$$libshutdown$$0000000F)
    __rt_lib_shutdown_return                 0x08000297   Thumb Code     0  libshutdown2.o(.ARM.Collect$$libshutdown$$00000010)
    __rt_lib_shutdown_signal_1               0x08000297   Thumb Code     0  libshutdown2.o(.ARM.Collect$$libshutdown$$0000000A)
    __rt_lib_shutdown_stdio_1                0x08000297   Thumb Code     0  libshutdown2.o(.ARM.Collect$$libshutdown$$00000004)
    __rt_lib_shutdown_user_alloc_1           0x08000297   Thumb Code     0  libshutdown2.o(.ARM.Collect$$libshutdown$$0000000C)
    __rt_entry                               0x08000299   Thumb Code     0  __rtentry.o(.ARM.Collect$$rtentry$$00000000)
    __rt_entry_presh_1                       0x08000299   Thumb Code     0  __rtentry2.o(.ARM.Collect$$rtentry$$00000002)
    __rt_entry_sh                            0x08000299   Thumb Code     0  __rtentry4.o(.ARM.Collect$$rtentry$$00000004)
    __rt_entry_li                            0x0800029f   Thumb Code     0  __rtentry2.o(.ARM.Collect$$rtentry$$0000000A)
    __rt_entry_postsh_1                      0x0800029f   Thumb Code     0  __rtentry2.o(.ARM.Collect$$rtentry$$00000009)
    __rt_entry_main                          0x080002a3   Thumb Code     0  __rtentry2.o(.ARM.Collect$$rtentry$$0000000D)
    __rt_entry_postli_1                      0x080002a3   Thumb Code     0  __rtentry2.o(.ARM.Collect$$rtentry$$0000000C)
    __rt_exit                                0x080002ab   Thumb Code     0  rtexit.o(.ARM.Collect$$rtexit$$00000000)
    __rt_exit_ls                             0x080002ad   Thumb Code     0  rtexit2.o(.ARM.Collect$$rtexit$$00000003)
    __rt_exit_prels_1                        0x080002ad   Thumb Code     0  rtexit2.o(.ARM.Collect$$rtexit$$00000002)
    __rt_exit_exit                           0x080002b1   Thumb Code     0  rtexit2.o(.ARM.Collect$$rtexit$$00000004)
    Reset_Handler                            0x080002b9   Thumb Code     8  startup_stm32f10x_hd.o(.text)
    ADC1_2_IRQHandler                        0x080002d3   Thumb Code     0  startup_stm32f10x_hd.o(.text)
    ADC3_IRQHandler                          0x080002d3   Thumb Code     0  startup_stm32f10x_hd.o(.text)
    CAN1_RX1_IRQHandler                      0x080002d3   Thumb Code     0  startup_stm32f10x_hd.o(.text)
    CAN1_SCE_IRQHandler                      0x080002d3   Thumb Code     0  startup_stm32f10x_hd.o(.text)
    DMA1_Channel1_IRQHandler                 0x080002d3   Thumb Code     0  startup_stm32f10x_hd.o(.text)
    DMA1_Channel2_IRQHandler                 0x080002d3   Thumb Code     0  startup_stm32f10x_hd.o(.text)
    DMA1_Channel3_IRQHandler                 0x080002d3   Thumb Code     0  startup_stm32f10x_hd.o(.text)
    DMA1_Channel4_IRQHandler                 0x080002d3   Thumb Code     0  startup_stm32f10x_hd.o(.text)
    DMA1_Channel5_IRQHandler                 0x080002d3   Thumb Code     0  startup_stm32f10x_hd.o(.text)
    DMA1_Channel6_IRQHandler                 0x080002d3   Thumb Code     0  startup_stm32f10x_hd.o(.text)
    DMA1_Channel7_IRQHandler                 0x080002d3   Thumb Code     0  startup_stm32f10x_hd.o(.text)
    DMA2_Channel1_IRQHandler                 0x080002d3   Thumb Code     0  startup_stm32f10x_hd.o(.text)
    DMA2_Channel2_IRQHandler                 0x080002d3   Thumb Code     0  startup_stm32f10x_hd.o(.text)
    DMA2_Channel3_IRQHandler                 0x080002d3   Thumb Code     0  startup_stm32f10x_hd.o(.text)
    DMA2_Channel4_5_IRQHandler               0x080002d3   Thumb Code     0  startup_stm32f10x_hd.o(.text)
    EXTI15_10_IRQHandler                     0x080002d3   Thumb Code     0  startup_stm32f10x_hd.o(.text)
    EXTI1_IRQHandler                         0x080002d3   Thumb Code     0  startup_stm32f10x_hd.o(.text)
    EXTI9_5_IRQHandler                       0x080002d3   Thumb Code     0  startup_stm32f10x_hd.o(.text)
    FLASH_IRQHandler                         0x080002d3   Thumb Code     0  startup_stm32f10x_hd.o(.text)
    FSMC_IRQHandler                          0x080002d3   Thumb Code     0  startup_stm32f10x_hd.o(.text)
    I2C1_ER_IRQHandler                       0x080002d3   Thumb Code     0  startup_stm32f10x_hd.o(.text)
    I2C1_EV_IRQHandler                       0x080002d3   Thumb Code     0  startup_stm32f10x_hd.o(.text)
    I2C2_ER_IRQHandler                       0x080002d3   Thumb Code     0  startup_stm32f10x_hd.o(.text)
    I2C2_EV_IRQHandler                       0x080002d3   Thumb Code     0  startup_stm32f10x_hd.o(.text)
    PVD_IRQHandler                           0x080002d3   Thumb Code     0  startup_stm32f10x_hd.o(.text)
    RCC_IRQHandler                           0x080002d3   Thumb Code     0  startup_stm32f10x_hd.o(.text)
    RTCAlarm_IRQHandler                      0x080002d3   Thumb Code     0  startup_stm32f10x_hd.o(.text)
    RTC_IRQHandler                           0x080002d3   Thumb Code     0  startup_stm32f10x_hd.o(.text)
    SDIO_IRQHandler                          0x080002d3   Thumb Code     0  startup_stm32f10x_hd.o(.text)
    SPI1_IRQHandler                          0x080002d3   Thumb Code     0  startup_stm32f10x_hd.o(.text)
    SPI2_IRQHandler                          0x080002d3   Thumb Code     0  startup_stm32f10x_hd.o(.text)
    SPI3_IRQHandler                          0x080002d3   Thumb Code     0  startup_stm32f10x_hd.o(.text)
    TAMPER_IRQHandler                        0x080002d3   Thumb Code     0  startup_stm32f10x_hd.o(.text)
    TIM1_BRK_IRQHandler                      0x080002d3   Thumb Code     0  startup_stm32f10x_hd.o(.text)
    TIM1_CC_IRQHandler                       0x080002d3   Thumb Code     0  startup_stm32f10x_hd.o(.text)
    TIM1_TRG_COM_IRQHandler                  0x080002d3   Thumb Code     0  startup_stm32f10x_hd.o(.text)
    TIM1_UP_IRQHandler                       0x080002d3   Thumb Code     0  startup_stm32f10x_hd.o(.text)
    TIM6_IRQHandler                          0x080002d3   Thumb Code     0  startup_stm32f10x_hd.o(.text)
    TIM8_BRK_IRQHandler                      0x080002d3   Thumb Code     0  startup_stm32f10x_hd.o(.text)
    TIM8_CC_IRQHandler                       0x080002d3   Thumb Code     0  startup_stm32f10x_hd.o(.text)
    TIM8_TRG_COM_IRQHandler                  0x080002d3   Thumb Code     0  startup_stm32f10x_hd.o(.text)
    TIM8_UP_IRQHandler                       0x080002d3   Thumb Code     0  startup_stm32f10x_hd.o(.text)
    UART4_IRQHandler                         0x080002d3   Thumb Code     0  startup_stm32f10x_hd.o(.text)
    UART5_IRQHandler                         0x080002d3   Thumb Code     0  startup_stm32f10x_hd.o(.text)
    USART2_IRQHandler                        0x080002d3   Thumb Code     0  startup_stm32f10x_hd.o(.text)
    USBWakeUp_IRQHandler                     0x080002d3   Thumb Code     0  startup_stm32f10x_hd.o(.text)
    USB_HP_CAN1_TX_IRQHandler                0x080002d3   Thumb Code     0  startup_stm32f10x_hd.o(.text)
    USB_LP_CAN1_RX0_IRQHandler               0x080002d3   Thumb Code     0  startup_stm32f10x_hd.o(.text)
    WWDG_IRQHandler                          0x080002d3   Thumb Code     0  startup_stm32f10x_hd.o(.text)
    __user_initial_stackheap                 0x080002d5   Thumb Code     0  startup_stm32f10x_hd.o(.text)
    __use_no_semihosting                     0x080002f9   Thumb Code     2  use_no_semi_2.o(.text)
    vsprintf                                 0x080002fd   Thumb Code    32  vsprintf.o(.text)
    __2printf                                0x08000321   Thumb Code    20  __2printf.o(.text)
    __2sprintf                               0x08000339   Thumb Code    38  __2sprintf.o(.text)
    _printf_pre_padding                      0x08000365   Thumb Code    44  _printf_pad.o(.text)
    _printf_post_padding                     0x08000391   Thumb Code    34  _printf_pad.o(.text)
    _printf_str                              0x080003b3   Thumb Code    82  _printf_str.o(.text)
    _printf_int_dec                          0x08000405   Thumb Code   104  _printf_dec.o(.text)
    _printf_longlong_hex                     0x0800047d   Thumb Code    86  _printf_hex_int_ll_ptr.o(.text)
    _printf_int_hex                          0x080004d3   Thumb Code    28  _printf_hex_int_ll_ptr.o(.text)
    _printf_ll_hex                           0x080004ef   Thumb Code    12  _printf_hex_int_ll_ptr.o(.text)
    _printf_hex_ptr                          0x080004fb   Thumb Code    18  _printf_hex_int_ll_ptr.o(.text)
    __printf                                 0x08000511   Thumb Code   388  __printf_flags_ss_wp.o(.text)
    strstr                                   0x08000699   Thumb Code    36  strstr.o(.text)
    strlen                                   0x080006bd   Thumb Code    62  strlen.o(.text)
    __use_two_region_memory                  0x080006fb   Thumb Code     2  heapauxi.o(.text)
    __rt_heap_escrow$2region                 0x080006fd   Thumb Code     2  heapauxi.o(.text)
    __rt_heap_expand$2region                 0x080006ff   Thumb Code     2  heapauxi.o(.text)
    __I$use$semihosting                      0x08000701   Thumb Code     0  use_no_semi.o(.text)
    __use_no_semihosting_swi                 0x08000701   Thumb Code     2  use_no_semi.o(.text)
    _printf_truncate_signed                  0x08000703   Thumb Code    18  _printf_truncate.o(.text)
    _printf_truncate_unsigned                0x08000715   Thumb Code    18  _printf_truncate.o(.text)
    _printf_int_common                       0x08000727   Thumb Code   178  _printf_intcommon.o(.text)
    _printf_charcount                        0x080007d9   Thumb Code    40  _printf_charcount.o(.text)
    _printf_char_common                      0x0800080b   Thumb Code    32  _printf_char_common.o(.text)
    _sputc                                   0x08000831   Thumb Code    10  _sputc.o(.text)
    _printf_cs_common                        0x0800083b   Thumb Code    20  _printf_char.o(.text)
    _printf_char                             0x0800084f   Thumb Code    16  _printf_char.o(.text)
    _printf_string                           0x0800085f   Thumb Code     8  _printf_char.o(.text)
    _printf_char_file                        0x08000869   Thumb Code    32  _printf_char_file.o(.text)
    _printf_wctomb                           0x0800088d   Thumb Code   182  _printf_wctomb.o(.text)
    _printf_longlong_dec                     0x08000949   Thumb Code   108  _printf_longlong_dec.o(.text)
    _printf_longlong_oct                     0x080009c5   Thumb Code    66  _printf_oct_int_ll.o(.text)
    _printf_int_oct                          0x08000a07   Thumb Code    24  _printf_oct_int_ll.o(.text)
    _printf_ll_oct                           0x08000a1f   Thumb Code    12  _printf_oct_int_ll.o(.text)
    _ll_udiv10                               0x08000a35   Thumb Code   138  lludiv10.o(.text)
    __lib_sel_fp_printf                      0x08000abf   Thumb Code     2  _printf_fp_dec.o(.text)
    _printf_fp_dec_real                      0x08000c6d   Thumb Code   620  _printf_fp_dec.o(.text)
    _printf_fp_hex_real                      0x08000ed9   Thumb Code   756  _printf_fp_hex.o(.text)
    _printf_lcs_common                       0x080011d5   Thumb Code    20  _printf_wchar.o(.text)
    _printf_wchar                            0x080011e9   Thumb Code    16  _printf_wchar.o(.text)
    _printf_wstring                          0x080011f9   Thumb Code     8  _printf_wchar.o(.text)
    ferror                                   0x08001201   Thumb Code     8  ferror.o(.text)
    _wcrtomb                                 0x08001209   Thumb Code    64  _wcrtomb.o(.text)
    __user_setup_stackheap                   0x08001249   Thumb Code    74  sys_stackheap_outer.o(.text)
    __rt_ctype_table                         0x08001295   Thumb Code    16  rt_ctype_table.o(.text)
    __rt_locale                              0x080012a5   Thumb Code     8  rt_locale_intlibspace.o(.text)
    _printf_fp_infnan                        0x080012ad   Thumb Code   112  _printf_fp_infnan.o(.text)
    _btod_etento                             0x0800132d   Thumb Code   216  bigflt0.o(.text)
    exit                                     0x08001409   Thumb Code    18  exit.o(.text)
    __user_libspace                          0x0800141d   Thumb Code     8  libspace.o(.text)
    __user_perproc_libspace                  0x0800141d   Thumb Code     0  libspace.o(.text)
    __user_perthread_libspace                0x0800141d   Thumb Code     0  libspace.o(.text)
    strcmp                                   0x08001425   Thumb Code   128  strcmpv7m.o(.text)
    _btod_d2e                                0x080014a5   Thumb Code    62  btod.o(CL$$btod_d2e)
    _d2e_denorm_low                          0x080014e3   Thumb Code    70  btod.o(CL$$btod_d2e_denorm_low)
    _d2e_norm_op1                            0x08001529   Thumb Code    96  btod.o(CL$$btod_d2e_norm_op1)
    __btod_div_common                        0x08001589   Thumb Code   696  btod.o(CL$$btod_div_common)
    _e2e                                     0x080018c1   Thumb Code   198  btod.o(CL$$btod_e2e)
    _btod_ediv                               0x08001987   Thumb Code    40  btod.o(CL$$btod_ediv)
    _btod_emul                               0x080019af   Thumb Code    40  btod.o(CL$$btod_emul)
    __btod_mult_common                       0x080019d7   Thumb Code   580  btod.o(CL$$btod_mult_common)
    ADC_Cmd                                  0x08001c1b   Thumb Code    22  stm32f10x_adc.o(i.ADC_Cmd)
    ADC_DMACmd                               0x08001c31   Thumb Code    22  stm32f10x_adc.o(i.ADC_DMACmd)
    ADC_DeInit                               0x08001c49   Thumb Code    78  stm32f10x_adc.o(i.ADC_DeInit)
    ADC_GetCalibrationStatus                 0x08001ca5   Thumb Code    20  stm32f10x_adc.o(i.ADC_GetCalibrationStatus)
    ADC_GetConversionValue                   0x08001cb9   Thumb Code     8  stm32f10x_adc.o(i.ADC_GetConversionValue)
    ADC_GetFlagStatus                        0x08001cc1   Thumb Code    18  stm32f10x_adc.o(i.ADC_GetFlagStatus)
    ADC_GetResetCalibrationStatus            0x08001cd3   Thumb Code    20  stm32f10x_adc.o(i.ADC_GetResetCalibrationStatus)
    ADC_Init                                 0x08001ce9   Thumb Code    70  stm32f10x_adc.o(i.ADC_Init)
    ADC_RegularChannelConfig                 0x08001d39   Thumb Code   184  stm32f10x_adc.o(i.ADC_RegularChannelConfig)
    ADC_ResetCalibration                     0x08001df1   Thumb Code    10  stm32f10x_adc.o(i.ADC_ResetCalibration)
    ADC_SoftwareStartConvCmd                 0x08001dfb   Thumb Code    22  stm32f10x_adc.o(i.ADC_SoftwareStartConvCmd)
    ADC_StartCalibration                     0x08001e11   Thumb Code    10  stm32f10x_adc.o(i.ADC_StartCalibration)
    Adc_Init                                 0x08001e1d   Thumb Code   118  adc.o(i.Adc_Init)
    Auto_drive                               0x08001e99   Thumb Code   388  adc.o(i.Auto_drive)
    BusFault_Handler                         0x08002021   Thumb Code     4  stm32f10x_it.o(i.BusFault_Handler)
    DebugMon_Handler                         0x08002025   Thumb Code     2  stm32f10x_it.o(i.DebugMon_Handler)
    Draw_wave                                0x08002029   Thumb Code   378  adc.o(i.Draw_wave)
    EXTI0_IRQHandler                         0x080021c1   Thumb Code    32  exti.o(i.EXTI0_IRQHandler)
    EXTI2_IRQHandler                         0x080021e5   Thumb Code    42  exti.o(i.EXTI2_IRQHandler)
    EXTI3_IRQHandler                         0x08002219   Thumb Code    42  exti.o(i.EXTI3_IRQHandler)
    EXTI4_IRQHandler                         0x0800224d   Thumb Code    30  exti.o(i.EXTI4_IRQHandler)
    EXTIX_Init                               0x08002271   Thumb Code   372  exti.o(i.EXTIX_Init)
    EXTI_ClearITPendingBit                   0x080023e5   Thumb Code     6  stm32f10x_exti.o(i.EXTI_ClearITPendingBit)
    EXTI_Init                                0x080023f1   Thumb Code   142  stm32f10x_exti.o(i.EXTI_Init)
    FSMC_NORSRAMCmd                          0x08002485   Thumb Code    46  stm32f10x_fsmc.o(i.FSMC_NORSRAMCmd)
    FSMC_NORSRAMInit                         0x080024b9   Thumb Code   230  stm32f10x_fsmc.o(i.FSMC_NORSRAMInit)
    GPIO_Config                              0x080025a1   Thumb Code    32  led.o(i.GPIO_Config)
    GPIO_EXTILineConfig                      0x080025c5   Thumb Code    60  stm32f10x_gpio.o(i.GPIO_EXTILineConfig)
    GPIO_Init                                0x08002605   Thumb Code   278  stm32f10x_gpio.o(i.GPIO_Init)
    GPIO_ReadInputDataBit                    0x0800271b   Thumb Code    18  stm32f10x_gpio.o(i.GPIO_ReadInputDataBit)
    GPIO_SetBits                             0x0800272d   Thumb Code     4  stm32f10x_gpio.o(i.GPIO_SetBits)
    GPIO_WriteBit                            0x08002731   Thumb Code    10  stm32f10x_gpio.o(i.GPIO_WriteBit)
    Get_Adc                                  0x0800273d   Thumb Code    46  adc.o(i.Get_Adc)
    HardFault_Handler                        0x08002771   Thumb Code     4  stm32f10x_it.o(i.HardFault_Handler)
    KEY_Init                                 0x08002775   Thumb Code    52  key.o(i.KEY_Init)
    KalmanFilter0                            0x080027b1   Thumb Code   186  adc.o(i.KalmanFilter0)
    KalmanFilter1                            0x08002889   Thumb Code   186  adc.o(i.KalmanFilter1)
    KalmanFilter2                            0x08002961   Thumb Code   186  adc.o(i.KalmanFilter2)
    KalmanFilter3                            0x08002a39   Thumb Code   186  adc.o(i.KalmanFilter3)
    LCD_Clear                                0x08002b11   Thumb Code   100  lcd.o(i.LCD_Clear)
    LCD_Display_Dir                          0x08002b7d   Thumb Code   444  lcd.o(i.LCD_Display_Dir)
    LCD_DrawLine                             0x08002d3d   Thumb Code   176  lcd.o(i.LCD_DrawLine)
    LCD_DrawPoint                            0x08002ded   Thumb Code    28  lcd.o(i.LCD_DrawPoint)
    LCD_Fast_DrawPoint                       0x08002e11   Thumb Code   370  lcd.o(i.LCD_Fast_DrawPoint)
    LCD_Fill                                 0x08002f8d   Thumb Code   178  lcd.o(i.LCD_Fill)
    LCD_Init                                 0x08003049   Thumb Code 14186  lcd.o(i.LCD_Init)
    LCD_RD_DATA                              0x080067bd   Thumb Code    14  lcd.o(i.LCD_RD_DATA)
    LCD_ReadReg                              0x080067d1   Thumb Code    22  lcd.o(i.LCD_ReadReg)
    LCD_SSD_BackLightSet                     0x080067e9   Thumb Code    80  lcd.o(i.LCD_SSD_BackLightSet)
    LCD_Scan_Dir                             0x0800683d   Thumb Code   744  lcd.o(i.LCD_Scan_Dir)
    LCD_SetCursor                            0x08006b29   Thumb Code   418  lcd.o(i.LCD_SetCursor)
    LCD_ShowChar                             0x08006cd1   Thumb Code   272  lcd.o(i.LCD_ShowChar)
    LCD_ShowString                           0x08006df9   Thumb Code   102  lcd.o(i.LCD_ShowString)
    LCD_WR_DATA                              0x08006e61   Thumb Code     6  lcd.o(i.LCD_WR_DATA)
    LCD_WR_REG                               0x08006e6d   Thumb Code     6  lcd.o(i.LCD_WR_REG)
    LCD_WriteRAM_Prepare                     0x08006e79   Thumb Code    10  lcd.o(i.LCD_WriteRAM_Prepare)
    LCD_WriteReg                             0x08006e8d   Thumb Code    10  lcd.o(i.LCD_WriteReg)
    LED_Init                                 0x08006e9d   Thumb Code    68  led.o(i.LED_Init)
    MemManage_Handler                        0x08006ee9   Thumb Code     4  stm32f10x_it.o(i.MemManage_Handler)
    Motor_PID_setSpeed                       0x08006eed   Thumb Code    16  motor.o(i.Motor_PID_setSpeed)
    Motor_PWM_ChangeDuty                     0x08006efd   Thumb Code    64  motor.o(i.Motor_PWM_ChangeDuty)
    NMI_Handler                              0x08006f45   Thumb Code     2  stm32f10x_it.o(i.NMI_Handler)
    NVIC_Init                                0x08006f49   Thumb Code   100  misc.o(i.NVIC_Init)
    NVIC_PriorityGroupConfig                 0x08006fb9   Thumb Code    10  misc.o(i.NVIC_PriorityGroupConfig)
    PID_AbsoluteMode                         0x08006fcd   Thumb Code   206  pidcontoller.o(i.PID_AbsoluteMode)
    PendSV_Handler                           0x0800709b   Thumb Code     2  stm32f10x_it.o(i.PendSV_Handler)
    Periph_Init                              0x0800709d   Thumb Code    58  main.o(i.Periph_Init)
    RCC_ADCCLKConfig                         0x080070d9   Thumb Code    18  stm32f10x_rcc.o(i.RCC_ADCCLKConfig)
    RCC_AHBPeriphClockCmd                    0x080070f1   Thumb Code    26  stm32f10x_rcc.o(i.RCC_AHBPeriphClockCmd)
    RCC_APB1PeriphClockCmd                   0x08007111   Thumb Code    26  stm32f10x_rcc.o(i.RCC_APB1PeriphClockCmd)
    RCC_APB1PeriphResetCmd                   0x08007131   Thumb Code    26  stm32f10x_rcc.o(i.RCC_APB1PeriphResetCmd)
    RCC_APB2PeriphClockCmd                   0x08007151   Thumb Code    26  stm32f10x_rcc.o(i.RCC_APB2PeriphClockCmd)
    RCC_APB2PeriphResetCmd                   0x08007171   Thumb Code    26  stm32f10x_rcc.o(i.RCC_APB2PeriphResetCmd)
    RCC_GetClocksFreq                        0x08007191   Thumb Code   192  stm32f10x_rcc.o(i.RCC_GetClocksFreq)
    SVC_Handler                              0x08007265   Thumb Code     2  stm32f10x_it.o(i.SVC_Handler)
    Servo_ChangDuty                          0x08007269   Thumb Code   178  motor.o(i.Servo_ChangDuty)
    Servo_PWM_ChangeDuty                     0x08007339   Thumb Code    64  motor.o(i.Servo_PWM_ChangeDuty)
    SysTick_CLKSourceConfig                  0x08007465   Thumb Code    40  misc.o(i.SysTick_CLKSourceConfig)
    SysTick_Handler                          0x0800748d   Thumb Code     2  stm32f10x_it.o(i.SysTick_Handler)
    SystemInit                               0x08007491   Thumb Code    78  system_stm32f10x.o(i.SystemInit)
    TIM2_IRQHandler                          0x08007731   Thumb Code    46  stm32f10x_it.o(i.TIM2_IRQHandler)
    TIM3_Configuration                       0x08007765   Thumb Code   174  motor.o(i.TIM3_Configuration)
    TIM3_IRQHandler                          0x0800781d   Thumb Code    44  stm32f10x_it.o(i.TIM3_IRQHandler)
    TIM4_Configuration                       0x08007851   Thumb Code   180  motor.o(i.TIM4_Configuration)
    TIM4_IRQHandler                          0x0800790d   Thumb Code    44  stm32f10x_it.o(i.TIM4_IRQHandler)
    TIM5_IRQHandler                          0x08007941   Thumb Code    44  stm32f10x_it.o(i.TIM5_IRQHandler)
    TIM7_Configuration                       0x08007975   Thumb Code   112  motor.o(i.TIM7_Configuration)
    TIM7_IRQHandler                          0x080079e9   Thumb Code    42  timer.o(i.TIM7_IRQHandler)
    TIM7_Int_Init                            0x08007a1d   Thumb Code    60  timer.o(i.TIM7_Int_Init)
    TIM8_Configuration                       0x08007a5d   Thumb Code   184  motor.o(i.TIM8_Configuration)
    TIM_ClearFlag                            0x08007b1d   Thumb Code     6  stm32f10x_tim.o(i.TIM_ClearFlag)
    TIM_ClearITPendingBit                    0x08007b23   Thumb Code     6  stm32f10x_tim.o(i.TIM_ClearITPendingBit)
    TIM_Cmd                                  0x08007b29   Thumb Code    24  stm32f10x_tim.o(i.TIM_Cmd)
    TIM_Configuration                        0x08007b41   Thumb Code    20  motor.o(i.TIM_Configuration)
    TIM_CtrlPWMOutputs                       0x08007b55   Thumb Code    30  stm32f10x_tim.o(i.TIM_CtrlPWMOutputs)
    TIM_EncoderInterfaceConfig               0x08007b73   Thumb Code    66  stm32f10x_tim.o(i.TIM_EncoderInterfaceConfig)
    TIM_GetITStatus                          0x08007bb5   Thumb Code    34  stm32f10x_tim.o(i.TIM_GetITStatus)
    TIM_ICInit                               0x08007bd9   Thumb Code   150  stm32f10x_tim.o(i.TIM_ICInit)
    TIM_ICStructInit                         0x08007c85   Thumb Code    18  stm32f10x_tim.o(i.TIM_ICStructInit)
    TIM_ITConfig                             0x08007c97   Thumb Code    18  stm32f10x_tim.o(i.TIM_ITConfig)
    TIM_OC1Init                              0x08007ca9   Thumb Code   132  stm32f10x_tim.o(i.TIM_OC1Init)
    TIM_OC2Init                              0x08007d41   Thumb Code   154  stm32f10x_tim.o(i.TIM_OC2Init)
    TIM_SetCounter                           0x08007de5   Thumb Code     4  stm32f10x_tim.o(i.TIM_SetCounter)
    TIM_SetIC1Prescaler                      0x08007de9   Thumb Code    18  stm32f10x_tim.o(i.TIM_SetIC1Prescaler)
    TIM_SetIC2Prescaler                      0x08007dfb   Thumb Code    26  stm32f10x_tim.o(i.TIM_SetIC2Prescaler)
    TIM_SetIC3Prescaler                      0x08007e15   Thumb Code    18  stm32f10x_tim.o(i.TIM_SetIC3Prescaler)
    TIM_SetIC4Prescaler                      0x08007e27   Thumb Code    26  stm32f10x_tim.o(i.TIM_SetIC4Prescaler)
    TIM_TimeBaseInit                         0x08007e41   Thumb Code   122  stm32f10x_tim.o(i.TIM_TimeBaseInit)
    TIM_UpdateRequestConfig                  0x08007ee5   Thumb Code    24  stm32f10x_tim.o(i.TIM_UpdateRequestConfig)
    USART1_IRQHandler                        0x08007efd   Thumb Code   122  usart.o(i.USART1_IRQHandler)
    USART3_IRQHandler                        0x08007f85   Thumb Code    94  usart3.o(i.USART3_IRQHandler)
    USART_Cmd                                0x08007ff5   Thumb Code    24  stm32f10x_usart.o(i.USART_Cmd)
    USART_DeInit                             0x0800800d   Thumb Code   134  stm32f10x_usart.o(i.USART_DeInit)
    USART_GetFlagStatus                      0x080080a9   Thumb Code    26  stm32f10x_usart.o(i.USART_GetFlagStatus)
    USART_GetITStatus                        0x080080c3   Thumb Code    84  stm32f10x_usart.o(i.USART_GetITStatus)
    USART_ITConfig                           0x08008117   Thumb Code    74  stm32f10x_usart.o(i.USART_ITConfig)
    USART_Init                               0x08008161   Thumb Code   210  stm32f10x_usart.o(i.USART_Init)
    USART_ReceiveData                        0x08008239   Thumb Code    10  stm32f10x_usart.o(i.USART_ReceiveData)
    USART_SendData                           0x08008243   Thumb Code     8  stm32f10x_usart.o(i.USART_SendData)
    UsageFault_Handler                       0x0800824b   Thumb Code     4  stm32f10x_it.o(i.UsageFault_Handler)
    User_PidSpeedControl                     0x08008251   Thumb Code    78  pidcontoller.o(i.User_PidSpeedControl)
    __ARM_fpclassify                         0x080082c1   Thumb Code    40  fpclassify.o(i.__ARM_fpclassify)
    _is_digit                                0x080082e9   Thumb Code    14  __printf_wp.o(i._is_digit)
    _sys_exit                                0x080082f7   Thumb Code     8  usart.o(i._sys_exit)
    atk_8266_at_response                     0x08008301   Thumb Code    46  common.o(i.atk_8266_at_response)
    atk_8266_check_cmd                       0x0800833d   Thumb Code    44  common.o(i.atk_8266_check_cmd)
    atk_8266_consta_check                    0x08008371   Thumb Code    36  common.o(i.atk_8266_consta_check)
    atk_8266_get_wanip                       0x080083b5   Thumb Code    58  common.o(i.atk_8266_get_wanip)
    atk_8266_quit_trans                      0x08008409   Thumb Code   100  common.o(i.atk_8266_quit_trans)
    atk_8266_send_cmd                        0x08008479   Thumb Code    92  common.o(i.atk_8266_send_cmd)
    atk_8266_send_data                       0x080084ed   Thumb Code    84  common.o(i.atk_8266_send_data)
    atk_8266_wifiap_connect                  0x08008549   Thumb Code   544  wifiap.o(i.atk_8266_wifiap_connect)
    atk_8266_wificonf_show                   0x08008899   Thumb Code   202  common.o(i.atk_8266_wificonf_show)
    car_start_test                           0x08008985   Thumb Code   100  motor.o(i.car_start_test)
    car_stop                                 0x080089f1   Thumb Code    18  motor.o(i.car_stop)
    close_change_speed                       0x08008a05   Thumb Code    94  motor.o(i.close_change_speed)
    delay_init                               0x08008a69   Thumb Code    50  delay.o(i.delay_init)
    delay_ms                                 0x08008aad   Thumb Code    72  delay.o(i.delay_ms)
    delay_us                                 0x08008af9   Thumb Code    72  delay.o(i.delay_us)
    fputc                                    0x08008b45   Thumb Code    24  usart.o(i.fputc)
    get_encoder_TWO                          0x08008b61   Thumb Code   134  getencoder.o(i.get_encoder_TWO)
    main                                     0x08008bfd   Thumb Code   890  main.o(i.main)
    my_mem_free                              0x08008fc9   Thumb Code    96  malloc.o(i.my_mem_free)
    my_mem_init                              0x08009035   Thumb Code    54  malloc.o(i.my_mem_init)
    my_mem_malloc                            0x08009079   Thumb Code   156  malloc.o(i.my_mem_malloc)
    my_mem_perused                           0x08009121   Thumb Code    54  malloc.o(i.my_mem_perused)
    myfree                                   0x08009161   Thumb Code    30  malloc.o(i.myfree)
    mymalloc                                 0x08009185   Thumb Code    34  malloc.o(i.mymalloc)
    mymemset                                 0x080091ad   Thumb Code    20  malloc.o(i.mymemset)
    quit_connect                             0x080091c1   Thumb Code    18  wifiap.o(i.quit_connect)
    tcp_send_test                            0x080091e9   Thumb Code    72  wifiap.o(i.tcp_send_test)
    u3_printf                                0x08009269   Thumb Code    72  usart3.o(i.u3_printf)
    uart_init                                0x080092b9   Thumb Code   152  usart.o(i.uart_init)
    usart3_init                              0x08009359   Thumb Code   192  usart3.o(i.usart3_init)
    _get_lc_numeric                          0x08009429   Thumb Code    44  lc_numeric_c.o(locale$$code)
    _get_lc_ctype                            0x08009455   Thumb Code    44  lc_ctype_c.o(locale$$code)
    __aeabi_dadd                             0x08009481   Thumb Code     0  daddsub_clz.o(x$fpl$dadd)
    _dadd                                    0x08009481   Thumb Code   332  daddsub_clz.o(x$fpl$dadd)
    __aeabi_ddiv                             0x080095d1   Thumb Code     0  ddiv.o(x$fpl$ddiv)
    _ddiv                                    0x080095d1   Thumb Code   552  ddiv.o(x$fpl$ddiv)
    __aeabi_d2uiz                            0x08009881   Thumb Code     0  dfixu.o(x$fpl$dfixu)
    _dfixu                                   0x08009881   Thumb Code    90  dfixu.o(x$fpl$dfixu)
    __aeabi_ui2d                             0x080098db   Thumb Code     0  dflt_clz.o(x$fpl$dfltu)
    _dfltu                                   0x080098db   Thumb Code    38  dflt_clz.o(x$fpl$dfltu)
    __aeabi_dmul                             0x08009901   Thumb Code     0  dmul.o(x$fpl$dmul)
    _dmul                                    0x08009901   Thumb Code   332  dmul.o(x$fpl$dmul)
    __fpl_dnaninf                            0x08009a55   Thumb Code   156  dnaninf.o(x$fpl$dnaninf)
    __fpl_dretinf                            0x08009af1   Thumb Code    12  dretinf.o(x$fpl$dretinf)
    __aeabi_dsub                             0x08009afd   Thumb Code     0  daddsub_clz.o(x$fpl$dsub)
    _dsub                                    0x08009afd   Thumb Code   464  daddsub_clz.o(x$fpl$dsub)
    __aeabi_f2d                              0x08009cd1   Thumb Code     0  f2d.o(x$fpl$f2d)
    _f2d                                     0x08009cd1   Thumb Code    86  f2d.o(x$fpl$f2d)
    __aeabi_fadd                             0x08009d29   Thumb Code     0  faddsub_clz.o(x$fpl$fadd)
    _fadd                                    0x08009d29   Thumb Code   196  faddsub_clz.o(x$fpl$fadd)
    __fpl_fcmp_Inf                           0x08009ded   Thumb Code    24  fcmpi.o(x$fpl$fcmpinf)
    __aeabi_cfcmpeq                          0x08009e05   Thumb Code     0  feqf.o(x$fpl$feqf)
    _fcmpeq                                  0x08009e05   Thumb Code   104  feqf.o(x$fpl$feqf)
    __aeabi_f2iz                             0x08009e6d   Thumb Code     0  ffix.o(x$fpl$ffix)
    _ffix                                    0x08009e6d   Thumb Code    54  ffix.o(x$fpl$ffix)
    __aeabi_i2f                              0x08009ea5   Thumb Code     0  fflt_clz.o(x$fpl$fflt)
    _fflt                                    0x08009ea5   Thumb Code    48  fflt_clz.o(x$fpl$fflt)
    __aeabi_cfcmple                          0x08009ed5   Thumb Code     0  fleqf.o(x$fpl$fleqf)
    _fcmple                                  0x08009ed5   Thumb Code   104  fleqf.o(x$fpl$fleqf)
    __fpl_fcmple_InfNaN                      0x08009f27   Thumb Code     0  fleqf.o(x$fpl$fleqf)
    __aeabi_fmul                             0x08009f3d   Thumb Code     0  fmul.o(x$fpl$fmul)
    _fmul                                    0x08009f3d   Thumb Code   258  fmul.o(x$fpl$fmul)
    __fpl_fnaninf                            0x0800a03f   Thumb Code   140  fnaninf.o(x$fpl$fnaninf)
    __fpl_fretinf                            0x0800a0cb   Thumb Code    10  fretinf.o(x$fpl$fretinf)
    __aeabi_cfrcmple                         0x0800a0d5   Thumb Code     0  frleqf.o(x$fpl$frleqf)
    _frcmple                                 0x0800a0d5   Thumb Code    98  frleqf.o(x$fpl$frleqf)
    __aeabi_fsub                             0x0800a139   Thumb Code     0  faddsub_clz.o(x$fpl$fsub)
    _fsub                                    0x0800a139   Thumb Code   234  faddsub_clz.o(x$fpl$fsub)
    _printf_fp_dec                           0x0800a223   Thumb Code     4  printf1.o(x$fpl$printf1)
    _printf_fp_hex                           0x0800a227   Thumb Code     4  printf2.o(x$fpl$printf2)
    __I$use$fp                               0x0800a22a   Number         0  usenofp.o(x$fpl$usenofp)
    memtblsize                               0x0800a22c   Data           8  malloc.o(.constdata)
    memblksize                               0x0800a234   Data           8  malloc.o(.constdata)
    memsize                                  0x0800a23c   Data           8  malloc.o(.constdata)
    asc2_1206                                0x0800a244   Data        1140  lcd.o(.constdata)
    asc2_1608                                0x0800a6b8   Data        1520  lcd.o(.constdata)
    asc2_2412                                0x0800aca8   Data        3420  lcd.o(.constdata)
    Region$$Table$$Base                      0x0800bb90   Number         0  anon$$obj.o(Region$$Table)
    Region$$Table$$Limit                     0x0800bbb0   Number         0  anon$$obj.o(Region$$Table)
    __ctype                                  0x0800bbd9   Data           0  lc_ctype_c.o(locale$$data)
    rlen                                     0x20000000   Data           1  main.o(.data)
    car_func_mode                            0x20000004   Data           4  main.o(.data)
    car_func_data                            0x20000008   Data           4  main.o(.data)
    rcnt2                                    0x2000000c   Data           4  stm32f10x_it.o(.data)
    rcnt3                                    0x20000010   Data           4  stm32f10x_it.o(.data)
    rcnt4                                    0x20000014   Data           4  stm32f10x_it.o(.data)
    rcnt5                                    0x20000018   Data           4  stm32f10x_it.o(.data)
    SystemCoreClock                          0x2000001c   Data           4  system_stm32f10x.o(.data)
    AHBPrescTable                            0x20000020   Data          16  system_stm32f10x.o(.data)
    __stdout                                 0x20000048   Data           4  usart.o(.data)
    USART_RX_STA                             0x2000004c   Data           2  usart.o(.data)
    portnum                                  0x20000050   Data           4  common.o(.data)
    wifiap_ssid                              0x20000054   Data           4  common.o(.data)
    wifiap_encryption                        0x20000058   Data           4  common.o(.data)
    wifiap_password                          0x2000005c   Data           4  common.o(.data)
    ATK_ESP8266_CWMODE_TBL                   0x20000060   Data          12  common.o(.data)
    ATK_ESP8266_WORKMODE_TBL                 0x2000006c   Data          12  common.o(.data)
    ATK_ESP8266_ECN_TBL                      0x20000078   Data          20  common.o(.data)
    mallco_dev                               0x2000008c   Data          28  malloc.o(.data)
    POINT_COLOR                              0x200000a8   Data           2  lcd.o(.data)
    BACK_COLOR                               0x200000aa   Data           2  lcd.o(.data)
    SPEED_DESIRE                             0x200000ac   Data           4  timer.o(.data)
    USART3_RX_STA                            0x200000b0   Data           2  usart3.o(.data)
    ServoDuty                                0x200000b4   Data           2  motor.o(.data)
    cnt2                                     0x20000128   Data           2  getencoder.o(.data)
    cnt3                                     0x2000012a   Data           2  getencoder.o(.data)
    cnt4                                     0x2000012c   Data           2  getencoder.o(.data)
    cnt5                                     0x2000012e   Data           2  getencoder.o(.data)
    CNT2                                     0x20000130   Data           4  getencoder.o(.data)
    CNT3                                     0x20000134   Data           4  getencoder.o(.data)
    CNT4                                     0x20000138   Data           4  getencoder.o(.data)
    CNT5                                     0x2000013c   Data           4  getencoder.o(.data)
    V2                                       0x20000140   Data           4  getencoder.o(.data)
    V3                                       0x20000144   Data           4  getencoder.o(.data)
    V4                                       0x20000148   Data           4  getencoder.o(.data)
    V5                                       0x2000014c   Data           4  getencoder.o(.data)
    spdTag                                   0x20000150   Data           4  pidcontoller.o(.data)
    spdNow                                   0x20000154   Data           4  pidcontoller.o(.data)
    control                                  0x20000158   Data           4  pidcontoller.o(.data)
    USART_RX_BUF                             0x2000015c   Data         200  usart.o(.bss)
    mem1base                                 0x20000240   Data       40960  malloc.o(.bss)
    mem1mapbase                              0x2000a240   Data        2560  malloc.o(.bss)
    lcddev                                   0x2000ac40   Data          14  lcd.o(.bss)
    USART3_RX_BUF                            0x2000ac4e   Data         600  usart3.o(.bss)
    USART3_TX_BUF                            0x2000aea6   Data         600  usart3.o(.bss)
    PID_Control                              0x2000b100   Data          40  pidcontoller.o(.bss)
    __libspace_start                         0x2000b128   Data          96  libspace.o(.bss)
    __temporary_stack_top$libspace           0x2000b188   Data           0  libspace.o(.bss)
    mem2base                                 0x68000000   Data       983040  malloc.o(.ARM.__AT_0x68000000)
    mem2mapbase                              0x680f0000   Data       61440  malloc.o(.ARM.__AT_0x680F0000)



==============================================================================

Memory Map of the image

  Image Entry point : 0x08000131

  Load Region LR_IROM1 (Base: 0x08000000, Size: 0x0000be38, Max: 0x00080000, ABSOLUTE, COMPRESSED[0x0000bd4c])

    Execution Region ER_IROM1 (Base: 0x08000000, Size: 0x0000bcdc, Max: 0x00080000, ABSOLUTE)

    Base Addr    Size         Type   Attr      Idx    E Section Name        Object

    0x08000000   0x00000130   Data   RO          329    RESET               startup_stm32f10x_hd.o
    0x08000130   0x00000008   Code   RO         4211  * !!!main             c_w.l(__main.o)
    0x08000138   0x00000034   Code   RO         4543    !!!scatter          c_w.l(__scatter.o)
    0x0800016c   0x0000005a   Code   RO         4541    !!dczerorl2         c_w.l(__dczerorl2.o)
    0x080001c6   0x00000002   PAD
    0x080001c8   0x0000001c   Code   RO         4545    !!handler_zi        c_w.l(__scatter_zi.o)
    0x080001e4   0x00000000   Code   RO         4204    .ARM.Collect$$_printf_percent$$00000000  c_w.l(_printf_percent.o)
    0x080001e4   0x00000006   Code   RO         4290    .ARM.Collect$$_printf_percent$$00000001  c_w.l(_printf_n.o)
    0x080001ea   0x00000006   Code   RO         4291    .ARM.Collect$$_printf_percent$$00000002  c_w.l(_printf_p.o)
    0x080001f0   0x00000006   Code   RO         4295    .ARM.Collect$$_printf_percent$$00000003  c_w.l(_printf_f.o)
    0x080001f6   0x00000006   Code   RO         4296    .ARM.Collect$$_printf_percent$$00000004  c_w.l(_printf_e.o)
    0x080001fc   0x00000006   Code   RO         4297    .ARM.Collect$$_printf_percent$$00000005  c_w.l(_printf_g.o)
    0x08000202   0x00000006   Code   RO         4298    .ARM.Collect$$_printf_percent$$00000006  c_w.l(_printf_a.o)
    0x08000208   0x0000000a   Code   RO         4303    .ARM.Collect$$_printf_percent$$00000007  c_w.l(_printf_ll.o)
    0x08000212   0x00000006   Code   RO         4293    .ARM.Collect$$_printf_percent$$00000008  c_w.l(_printf_i.o)
    0x08000218   0x00000006   Code   RO         4203    .ARM.Collect$$_printf_percent$$00000009  c_w.l(_printf_d.o)
    0x0800021e   0x00000006   Code   RO         4294    .ARM.Collect$$_printf_percent$$0000000A  c_w.l(_printf_u.o)
    0x08000224   0x00000006   Code   RO         4292    .ARM.Collect$$_printf_percent$$0000000B  c_w.l(_printf_o.o)
    0x0800022a   0x00000006   Code   RO         4202    .ARM.Collect$$_printf_percent$$0000000C  c_w.l(_printf_x.o)
    0x08000230   0x00000006   Code   RO         4300    .ARM.Collect$$_printf_percent$$0000000D  c_w.l(_printf_lli.o)
    0x08000236   0x00000006   Code   RO         4301    .ARM.Collect$$_printf_percent$$0000000E  c_w.l(_printf_lld.o)
    0x0800023c   0x00000006   Code   RO         4302    .ARM.Collect$$_printf_percent$$0000000F  c_w.l(_printf_llu.o)
    0x08000242   0x00000006   Code   RO         4307    .ARM.Collect$$_printf_percent$$00000010  c_w.l(_printf_llo.o)
    0x08000248   0x00000006   Code   RO         4308    .ARM.Collect$$_printf_percent$$00000011  c_w.l(_printf_llx.o)
    0x0800024e   0x0000000a   Code   RO         4304    .ARM.Collect$$_printf_percent$$00000012  c_w.l(_printf_l.o)
    0x08000258   0x00000006   Code   RO         4289    .ARM.Collect$$_printf_percent$$00000013  c_w.l(_printf_c.o)
    0x0800025e   0x00000006   Code   RO         4201    .ARM.Collect$$_printf_percent$$00000014  c_w.l(_printf_s.o)
    0x08000264   0x00000006   Code   RO         4305    .ARM.Collect$$_printf_percent$$00000015  c_w.l(_printf_lc.o)
    0x0800026a   0x00000006   Code   RO         4306    .ARM.Collect$$_printf_percent$$00000016  c_w.l(_printf_ls.o)
    0x08000270   0x00000004   Code   RO         4299    .ARM.Collect$$_printf_percent$$00000017  c_w.l(_printf_percent_end.o)
    0x08000274   0x00000002   Code   RO         4406    .ARM.Collect$$libinit$$00000000  c_w.l(libinit.o)
    0x08000276   0x00000000   Code   RO         4422    .ARM.Collect$$libinit$$00000002  c_w.l(libinit2.o)
    0x08000276   0x00000000   Code   RO         4424    .ARM.Collect$$libinit$$00000004  c_w.l(libinit2.o)
    0x08000276   0x00000000   Code   RO         4427    .ARM.Collect$$libinit$$0000000A  c_w.l(libinit2.o)
    0x08000276   0x00000000   Code   RO         4429    .ARM.Collect$$libinit$$0000000C  c_w.l(libinit2.o)
    0x08000276   0x00000000   Code   RO         4431    .ARM.Collect$$libinit$$0000000E  c_w.l(libinit2.o)
    0x08000276   0x00000006   Code   RO         4432    .ARM.Collect$$libinit$$0000000F  c_w.l(libinit2.o)
    0x0800027c   0x00000000   Code   RO         4434    .ARM.Collect$$libinit$$00000011  c_w.l(libinit2.o)
    0x0800027c   0x0000000c   Code   RO         4435    .ARM.Collect$$libinit$$00000012  c_w.l(libinit2.o)
    0x08000288   0x00000000   Code   RO         4436    .ARM.Collect$$libinit$$00000013  c_w.l(libinit2.o)
    0x08000288   0x00000000   Code   RO         4438    .ARM.Collect$$libinit$$00000015  c_w.l(libinit2.o)
    0x08000288   0x0000000a   Code   RO         4439    .ARM.Collect$$libinit$$00000016  c_w.l(libinit2.o)
    0x08000292   0x00000000   Code   RO         4440    .ARM.Collect$$libinit$$00000017  c_w.l(libinit2.o)
    0x08000292   0x00000000   Code   RO         4442    .ARM.Collect$$libinit$$00000019  c_w.l(libinit2.o)
    0x08000292   0x00000000   Code   RO         4444    .ARM.Collect$$libinit$$0000001B  c_w.l(libinit2.o)
    0x08000292   0x00000000   Code   RO         4446    .ARM.Collect$$libinit$$0000001D  c_w.l(libinit2.o)
    0x08000292   0x00000000   Code   RO         4448    .ARM.Collect$$libinit$$0000001F  c_w.l(libinit2.o)
    0x08000292   0x00000000   Code   RO         4450    .ARM.Collect$$libinit$$00000021  c_w.l(libinit2.o)
    0x08000292   0x00000000   Code   RO         4452    .ARM.Collect$$libinit$$00000023  c_w.l(libinit2.o)
    0x08000292   0x00000000   Code   RO         4454    .ARM.Collect$$libinit$$00000025  c_w.l(libinit2.o)
    0x08000292   0x00000000   Code   RO         4458    .ARM.Collect$$libinit$$0000002C  c_w.l(libinit2.o)
    0x08000292   0x00000000   Code   RO         4460    .ARM.Collect$$libinit$$0000002E  c_w.l(libinit2.o)
    0x08000292   0x00000000   Code   RO         4462    .ARM.Collect$$libinit$$00000030  c_w.l(libinit2.o)
    0x08000292   0x00000000   Code   RO         4464    .ARM.Collect$$libinit$$00000032  c_w.l(libinit2.o)
    0x08000292   0x00000002   Code   RO         4465    .ARM.Collect$$libinit$$00000033  c_w.l(libinit2.o)
    0x08000294   0x00000002   Code   RO         4483    .ARM.Collect$$libshutdown$$00000000  c_w.l(libshutdown.o)
    0x08000296   0x00000000   Code   RO         4493    .ARM.Collect$$libshutdown$$00000002  c_w.l(libshutdown2.o)
    0x08000296   0x00000000   Code   RO         4495    .ARM.Collect$$libshutdown$$00000004  c_w.l(libshutdown2.o)
    0x08000296   0x00000000   Code   RO         4498    .ARM.Collect$$libshutdown$$00000007  c_w.l(libshutdown2.o)
    0x08000296   0x00000000   Code   RO         4501    .ARM.Collect$$libshutdown$$0000000A  c_w.l(libshutdown2.o)
    0x08000296   0x00000000   Code   RO         4503    .ARM.Collect$$libshutdown$$0000000C  c_w.l(libshutdown2.o)
    0x08000296   0x00000000   Code   RO         4506    .ARM.Collect$$libshutdown$$0000000F  c_w.l(libshutdown2.o)
    0x08000296   0x00000002   Code   RO         4507    .ARM.Collect$$libshutdown$$00000010  c_w.l(libshutdown2.o)
    0x08000298   0x00000000   Code   RO         4263    .ARM.Collect$$rtentry$$00000000  c_w.l(__rtentry.o)
    0x08000298   0x00000000   Code   RO         4329    .ARM.Collect$$rtentry$$00000002  c_w.l(__rtentry2.o)
    0x08000298   0x00000006   Code   RO         4341    .ARM.Collect$$rtentry$$00000004  c_w.l(__rtentry4.o)
    0x0800029e   0x00000000   Code   RO         4331    .ARM.Collect$$rtentry$$00000009  c_w.l(__rtentry2.o)
    0x0800029e   0x00000004   Code   RO         4332    .ARM.Collect$$rtentry$$0000000A  c_w.l(__rtentry2.o)
    0x080002a2   0x00000000   Code   RO         4334    .ARM.Collect$$rtentry$$0000000C  c_w.l(__rtentry2.o)
    0x080002a2   0x00000008   Code   RO         4335    .ARM.Collect$$rtentry$$0000000D  c_w.l(__rtentry2.o)
    0x080002aa   0x00000002   Code   RO         4414    .ARM.Collect$$rtexit$$00000000  c_w.l(rtexit.o)
    0x080002ac   0x00000000   Code   RO         4467    .ARM.Collect$$rtexit$$00000002  c_w.l(rtexit2.o)
    0x080002ac   0x00000004   Code   RO         4468    .ARM.Collect$$rtexit$$00000003  c_w.l(rtexit2.o)
    0x080002b0   0x00000006   Code   RO         4469    .ARM.Collect$$rtexit$$00000004  c_w.l(rtexit2.o)
    0x080002b6   0x00000002   PAD
    0x080002b8   0x00000040   Code   RO          330    .text               startup_stm32f10x_hd.o
    0x080002f8   0x00000002   Code   RO         4140    .text               c_w.l(use_no_semi_2.o)
    0x080002fa   0x00000002   PAD
    0x080002fc   0x00000024   Code   RO         4142    .text               c_w.l(vsprintf.o)
    0x08000320   0x00000018   Code   RO         4144    .text               c_w.l(__2printf.o)
    0x08000338   0x0000002c   Code   RO         4146    .text               c_w.l(__2sprintf.o)
    0x08000364   0x0000004e   Code   RO         4154    .text               c_w.l(_printf_pad.o)
    0x080003b2   0x00000052   Code   RO         4156    .text               c_w.l(_printf_str.o)
    0x08000404   0x00000078   Code   RO         4158    .text               c_w.l(_printf_dec.o)
    0x0800047c   0x00000094   Code   RO         4178    .text               c_w.l(_printf_hex_int_ll_ptr.o)
    0x08000510   0x00000188   Code   RO         4198    .text               c_w.l(__printf_flags_ss_wp.o)
    0x08000698   0x00000024   Code   RO         4205    .text               c_w.l(strstr.o)
    0x080006bc   0x0000003e   Code   RO         4207    .text               c_w.l(strlen.o)
    0x080006fa   0x00000006   Code   RO         4209    .text               c_w.l(heapauxi.o)
    0x08000700   0x00000002   Code   RO         4261    .text               c_w.l(use_no_semi.o)
    0x08000702   0x00000024   Code   RO         4264    .text               c_w.l(_printf_truncate.o)
    0x08000726   0x000000b2   Code   RO         4266    .text               c_w.l(_printf_intcommon.o)
    0x080007d8   0x00000028   Code   RO         4268    .text               c_w.l(_printf_charcount.o)
    0x08000800   0x00000030   Code   RO         4270    .text               c_w.l(_printf_char_common.o)
    0x08000830   0x0000000a   Code   RO         4272    .text               c_w.l(_sputc.o)
    0x0800083a   0x0000002c   Code   RO         4274    .text               c_w.l(_printf_char.o)
    0x08000866   0x00000002   PAD
    0x08000868   0x00000024   Code   RO         4276    .text               c_w.l(_printf_char_file.o)
    0x0800088c   0x000000bc   Code   RO         4278    .text               c_w.l(_printf_wctomb.o)
    0x08000948   0x0000007c   Code   RO         4281    .text               c_w.l(_printf_longlong_dec.o)
    0x080009c4   0x00000070   Code   RO         4287    .text               c_w.l(_printf_oct_int_ll.o)
    0x08000a34   0x0000008a   Code   RO         4343    .text               c_w.l(lludiv10.o)
    0x08000abe   0x0000041a   Code   RO         4345    .text               c_w.l(_printf_fp_dec.o)
    0x08000ed8   0x000002fc   Code   RO         4347    .text               c_w.l(_printf_fp_hex.o)
    0x080011d4   0x0000002c   Code   RO         4352    .text               c_w.l(_printf_wchar.o)
    0x08001200   0x00000008   Code   RO         4354    .text               c_w.l(ferror.o)
    0x08001208   0x00000040   Code   RO         4358    .text               c_w.l(_wcrtomb.o)
    0x08001248   0x0000004a   Code   RO         4360    .text               c_w.l(sys_stackheap_outer.o)
    0x08001292   0x00000002   PAD
    0x08001294   0x00000010   Code   RO         4362    .text               c_w.l(rt_ctype_table.o)
    0x080012a4   0x00000008   Code   RO         4367    .text               c_w.l(rt_locale_intlibspace.o)
    0x080012ac   0x00000080   Code   RO         4369    .text               c_w.l(_printf_fp_infnan.o)
    0x0800132c   0x000000dc   Code   RO         4371    .text               c_w.l(bigflt0.o)
    0x08001408   0x00000012   Code   RO         4399    .text               c_w.l(exit.o)
    0x0800141a   0x00000002   PAD
    0x0800141c   0x00000008   Code   RO         4411    .text               c_w.l(libspace.o)
    0x08001424   0x00000080   Code   RO         4419    .text               c_w.l(strcmpv7m.o)
    0x080014a4   0x0000003e   Code   RO         4374    CL$$btod_d2e        c_w.l(btod.o)
    0x080014e2   0x00000046   Code   RO         4376    CL$$btod_d2e_denorm_low  c_w.l(btod.o)
    0x08001528   0x00000060   Code   RO         4375    CL$$btod_d2e_norm_op1  c_w.l(btod.o)
    0x08001588   0x00000338   Code   RO         4384    CL$$btod_div_common  c_w.l(btod.o)
    0x080018c0   0x000000c6   Code   RO         4381    CL$$btod_e2e        c_w.l(btod.o)
    0x08001986   0x00000028   Code   RO         4378    CL$$btod_ediv       c_w.l(btod.o)
    0x080019ae   0x00000028   Code   RO         4377    CL$$btod_emul       c_w.l(btod.o)
    0x080019d6   0x00000244   Code   RO         4383    CL$$btod_mult_common  c_w.l(btod.o)
    0x08001c1a   0x00000016   Code   RO          376    i.ADC_Cmd           stm32f10x_adc.o
    0x08001c30   0x00000016   Code   RO          377    i.ADC_DMACmd        stm32f10x_adc.o
    0x08001c46   0x00000002   PAD
    0x08001c48   0x0000005c   Code   RO          378    i.ADC_DeInit        stm32f10x_adc.o
    0x08001ca4   0x00000014   Code   RO          384    i.ADC_GetCalibrationStatus  stm32f10x_adc.o
    0x08001cb8   0x00000008   Code   RO          385    i.ADC_GetConversionValue  stm32f10x_adc.o
    0x08001cc0   0x00000012   Code   RO          387    i.ADC_GetFlagStatus  stm32f10x_adc.o
    0x08001cd2   0x00000014   Code   RO          390    i.ADC_GetResetCalibrationStatus  stm32f10x_adc.o
    0x08001ce6   0x00000002   PAD
    0x08001ce8   0x00000050   Code   RO          394    i.ADC_Init          stm32f10x_adc.o
    0x08001d38   0x000000b8   Code   RO          398    i.ADC_RegularChannelConfig  stm32f10x_adc.o
    0x08001df0   0x0000000a   Code   RO          399    i.ADC_ResetCalibration  stm32f10x_adc.o
    0x08001dfa   0x00000016   Code   RO          401    i.ADC_SoftwareStartConvCmd  stm32f10x_adc.o
    0x08001e10   0x0000000a   Code   RO          403    i.ADC_StartCalibration  stm32f10x_adc.o
    0x08001e1a   0x00000002   PAD
    0x08001e1c   0x0000007c   Code   RO         3999    i.Adc_Init          adc.o
    0x08001e98   0x00000188   Code   RO         4000    i.Auto_drive        adc.o
    0x08002020   0x00000004   Code   RO          166    i.BusFault_Handler  stm32f10x_it.o
    0x08002024   0x00000002   Code   RO          167    i.DebugMon_Handler  stm32f10x_it.o
    0x08002026   0x00000002   PAD
    0x08002028   0x00000198   Code   RO         4001    i.Draw_wave         adc.o
    0x080021c0   0x00000024   Code   RO         3866    i.EXTI0_IRQHandler  exti.o
    0x080021e4   0x00000034   Code   RO         3867    i.EXTI2_IRQHandler  exti.o
    0x08002218   0x00000034   Code   RO         3868    i.EXTI3_IRQHandler  exti.o
    0x0800224c   0x00000024   Code   RO         3869    i.EXTI4_IRQHandler  exti.o
    0x08002270   0x00000174   Code   RO         3870    i.EXTIX_Init        exti.o
    0x080023e4   0x0000000c   Code   RO         1132    i.EXTI_ClearITPendingBit  stm32f10x_exti.o
    0x080023f0   0x00000094   Code   RO         1137    i.EXTI_Init         stm32f10x_exti.o
    0x08002484   0x00000034   Code   RO         1370    i.FSMC_NORSRAMCmd   stm32f10x_fsmc.o
    0x080024b8   0x000000e6   Code   RO         1372    i.FSMC_NORSRAMInit  stm32f10x_fsmc.o
    0x0800259e   0x00000002   PAD
    0x080025a0   0x00000024   Code   RO         3781    i.GPIO_Config       led.o
    0x080025c4   0x00000040   Code   RO         1482    i.GPIO_EXTILineConfig  stm32f10x_gpio.o
    0x08002604   0x00000116   Code   RO         1485    i.GPIO_Init         stm32f10x_gpio.o
    0x0800271a   0x00000012   Code   RO         1489    i.GPIO_ReadInputDataBit  stm32f10x_gpio.o
    0x0800272c   0x00000004   Code   RO         1493    i.GPIO_SetBits      stm32f10x_gpio.o
    0x08002730   0x0000000a   Code   RO         1496    i.GPIO_WriteBit     stm32f10x_gpio.o
    0x0800273a   0x00000002   PAD
    0x0800273c   0x00000034   Code   RO         4002    i.Get_Adc           adc.o
    0x08002770   0x00000004   Code   RO          168    i.HardFault_Handler  stm32f10x_it.o
    0x08002774   0x0000003c   Code   RO         3552    i.KEY_Init          key.o
    0x080027b0   0x000000d8   Code   RO         4004    i.KalmanFilter0     adc.o
    0x08002888   0x000000d8   Code   RO         4005    i.KalmanFilter1     adc.o
    0x08002960   0x000000d8   Code   RO         4006    i.KalmanFilter2     adc.o
    0x08002a38   0x000000d8   Code   RO         4007    i.KalmanFilter3     adc.o
    0x08002b10   0x0000006c   Code   RO         3572    i.LCD_Clear         lcd.o
    0x08002b7c   0x000001c0   Code   RO         3576    i.LCD_Display_Dir   lcd.o
    0x08002d3c   0x000000b0   Code   RO         3577    i.LCD_DrawLine      lcd.o
    0x08002dec   0x00000024   Code   RO         3578    i.LCD_DrawPoint     lcd.o
    0x08002e10   0x0000017c   Code   RO         3581    i.LCD_Fast_DrawPoint  lcd.o
    0x08002f8c   0x000000bc   Code   RO         3582    i.LCD_Fill          lcd.o
    0x08003048   0x00003774   Code   RO         3583    i.LCD_Init          lcd.o
    0x080067bc   0x00000014   Code   RO         3585    i.LCD_RD_DATA       lcd.o
    0x080067d0   0x00000016   Code   RO         3587    i.LCD_ReadReg       lcd.o
    0x080067e6   0x00000002   PAD
    0x080067e8   0x00000054   Code   RO         3588    i.LCD_SSD_BackLightSet  lcd.o
    0x0800683c   0x000002ec   Code   RO         3589    i.LCD_Scan_Dir      lcd.o
    0x08006b28   0x000001a8   Code   RO         3590    i.LCD_SetCursor     lcd.o
    0x08006cd0   0x00000128   Code   RO         3592    i.LCD_ShowChar      lcd.o
    0x08006df8   0x00000066   Code   RO         3594    i.LCD_ShowString    lcd.o
    0x08006e5e   0x00000002   PAD
    0x08006e60   0x0000000c   Code   RO         3596    i.LCD_WR_DATA       lcd.o
    0x08006e6c   0x0000000c   Code   RO         3597    i.LCD_WR_REG        lcd.o
    0x08006e78   0x00000014   Code   RO         3599    i.LCD_WriteRAM_Prepare  lcd.o
    0x08006e8c   0x00000010   Code   RO         3600    i.LCD_WriteReg      lcd.o
    0x08006e9c   0x0000004c   Code   RO         3782    i.LED_Init          led.o
    0x08006ee8   0x00000004   Code   RO          169    i.MemManage_Handler  stm32f10x_it.o
    0x08006eec   0x00000010   Code   RO         3902    i.Motor_PID_setSpeed  motor.o
    0x08006efc   0x00000048   Code   RO         3903    i.Motor_PWM_ChangeDuty  motor.o
    0x08006f44   0x00000002   Code   RO          170    i.NMI_Handler       stm32f10x_it.o
    0x08006f46   0x00000002   PAD
    0x08006f48   0x00000070   Code   RO          334    i.NVIC_Init         misc.o
    0x08006fb8   0x00000014   Code   RO          335    i.NVIC_PriorityGroupConfig  misc.o
    0x08006fcc   0x000000ce   Code   RO         4109    i.PID_AbsoluteMode  pidcontoller.o
    0x0800709a   0x00000002   Code   RO          171    i.PendSV_Handler    stm32f10x_it.o
    0x0800709c   0x0000003a   Code   RO            1    i.Periph_Init       main.o
    0x080070d6   0x00000002   PAD
    0x080070d8   0x00000018   Code   RO         1899    i.RCC_ADCCLKConfig  stm32f10x_rcc.o
    0x080070f0   0x00000020   Code   RO         1900    i.RCC_AHBPeriphClockCmd  stm32f10x_rcc.o
    0x08007110   0x00000020   Code   RO         1901    i.RCC_APB1PeriphClockCmd  stm32f10x_rcc.o
    0x08007130   0x00000020   Code   RO         1902    i.RCC_APB1PeriphResetCmd  stm32f10x_rcc.o
    0x08007150   0x00000020   Code   RO         1903    i.RCC_APB2PeriphClockCmd  stm32f10x_rcc.o
    0x08007170   0x00000020   Code   RO         1904    i.RCC_APB2PeriphResetCmd  stm32f10x_rcc.o
    0x08007190   0x000000d4   Code   RO         1911    i.RCC_GetClocksFreq  stm32f10x_rcc.o
    0x08007264   0x00000002   Code   RO          172    i.SVC_Handler       stm32f10x_it.o
    0x08007266   0x00000002   PAD
    0x08007268   0x000000d0   Code   RO         3904    i.Servo_ChangDuty   motor.o
    0x08007338   0x00000044   Code   RO         3905    i.Servo_PWM_ChangeDuty  motor.o
    0x0800737c   0x00000008   Code   RO          282    i.SetSysClock       system_stm32f10x.o
    0x08007384   0x000000e0   Code   RO          283    i.SetSysClockTo72   system_stm32f10x.o
    0x08007464   0x00000028   Code   RO          338    i.SysTick_CLKSourceConfig  misc.o
    0x0800748c   0x00000002   Code   RO          173    i.SysTick_Handler   stm32f10x_it.o
    0x0800748e   0x00000002   PAD
    0x08007490   0x00000060   Code   RO          285    i.SystemInit        system_stm32f10x.o
    0x080074f0   0x00000080   Code   RO         2519    i.TI1_Config        stm32f10x_tim.o
    0x08007570   0x00000098   Code   RO         2520    i.TI2_Config        stm32f10x_tim.o
    0x08007608   0x00000090   Code   RO         2521    i.TI3_Config        stm32f10x_tim.o
    0x08007698   0x00000098   Code   RO         2522    i.TI4_Config        stm32f10x_tim.o
    0x08007730   0x00000034   Code   RO          174    i.TIM2_IRQHandler   stm32f10x_it.o
    0x08007764   0x000000b8   Code   RO         3906    i.TIM3_Configuration  motor.o
    0x0800781c   0x00000034   Code   RO          175    i.TIM3_IRQHandler   stm32f10x_it.o
    0x08007850   0x000000bc   Code   RO         3907    i.TIM4_Configuration  motor.o
    0x0800790c   0x00000034   Code   RO          176    i.TIM4_IRQHandler   stm32f10x_it.o
    0x08007940   0x00000034   Code   RO          177    i.TIM5_IRQHandler   stm32f10x_it.o
    0x08007974   0x00000074   Code   RO         3908    i.TIM7_Configuration  motor.o
    0x080079e8   0x00000034   Code   RO         3799    i.TIM7_IRQHandler   timer.o
    0x08007a1c   0x00000040   Code   RO         3800    i.TIM7_Int_Init     timer.o
    0x08007a5c   0x000000c0   Code   RO         3909    i.TIM8_Configuration  motor.o
    0x08007b1c   0x00000006   Code   RO         2529    i.TIM_ClearFlag     stm32f10x_tim.o
    0x08007b22   0x00000006   Code   RO         2530    i.TIM_ClearITPendingBit  stm32f10x_tim.o
    0x08007b28   0x00000018   Code   RO         2535    i.TIM_Cmd           stm32f10x_tim.o
    0x08007b40   0x00000014   Code   RO         3910    i.TIM_Configuration  motor.o
    0x08007b54   0x0000001e   Code   RO         2537    i.TIM_CtrlPWMOutputs  stm32f10x_tim.o
    0x08007b72   0x00000042   Code   RO         2544    i.TIM_EncoderInterfaceConfig  stm32f10x_tim.o
    0x08007bb4   0x00000022   Code   RO         2556    i.TIM_GetITStatus   stm32f10x_tim.o
    0x08007bd6   0x00000002   PAD
    0x08007bd8   0x000000ac   Code   RO         2558    i.TIM_ICInit        stm32f10x_tim.o
    0x08007c84   0x00000012   Code   RO         2559    i.TIM_ICStructInit  stm32f10x_tim.o
    0x08007c96   0x00000012   Code   RO         2560    i.TIM_ITConfig      stm32f10x_tim.o
    0x08007ca8   0x00000098   Code   RO         2564    i.TIM_OC1Init       stm32f10x_tim.o
    0x08007d40   0x000000a4   Code   RO         2569    i.TIM_OC2Init       stm32f10x_tim.o
    0x08007de4   0x00000004   Code   RO         2600    i.TIM_SetCounter    stm32f10x_tim.o
    0x08007de8   0x00000012   Code   RO         2601    i.TIM_SetIC1Prescaler  stm32f10x_tim.o
    0x08007dfa   0x0000001a   Code   RO         2602    i.TIM_SetIC2Prescaler  stm32f10x_tim.o
    0x08007e14   0x00000012   Code   RO         2603    i.TIM_SetIC3Prescaler  stm32f10x_tim.o
    0x08007e26   0x0000001a   Code   RO         2604    i.TIM_SetIC4Prescaler  stm32f10x_tim.o
    0x08007e40   0x000000a4   Code   RO         2606    i.TIM_TimeBaseInit  stm32f10x_tim.o
    0x08007ee4   0x00000018   Code   RO         2609    i.TIM_UpdateRequestConfig  stm32f10x_tim.o
    0x08007efc   0x00000088   Code   RO         3355    i.USART1_IRQHandler  usart.o
    0x08007f84   0x00000070   Code   RO         3828    i.USART3_IRQHandler  usart3.o
    0x08007ff4   0x00000018   Code   RO         3071    i.USART_Cmd         stm32f10x_usart.o
    0x0800800c   0x0000009c   Code   RO         3073    i.USART_DeInit      stm32f10x_usart.o
    0x080080a8   0x0000001a   Code   RO         3074    i.USART_GetFlagStatus  stm32f10x_usart.o
    0x080080c2   0x00000054   Code   RO         3075    i.USART_GetITStatus  stm32f10x_usart.o
    0x08008116   0x0000004a   Code   RO         3077    i.USART_ITConfig    stm32f10x_usart.o
    0x08008160   0x000000d8   Code   RO         3078    i.USART_Init        stm32f10x_usart.o
    0x08008238   0x0000000a   Code   RO         3085    i.USART_ReceiveData  stm32f10x_usart.o
    0x08008242   0x00000008   Code   RO         3088    i.USART_SendData    stm32f10x_usart.o
    0x0800824a   0x00000004   Code   RO          178    i.UsageFault_Handler  stm32f10x_it.o
    0x0800824e   0x00000002   PAD
    0x08008250   0x00000070   Code   RO         4111    i.User_PidSpeedControl  pidcontoller.o
    0x080082c0   0x00000028   Code   RO         4409    i.__ARM_fpclassify  m_ws.l(fpclassify.o)
    0x080082e8   0x0000000e   Code   RO         4191    i._is_digit         c_w.l(__printf_wp.o)
    0x080082f6   0x00000008   Code   RO         3356    i._sys_exit         usart.o
    0x080082fe   0x00000002   PAD
    0x08008300   0x0000003c   Code   RO         3420    i.atk_8266_at_response  common.o
    0x0800833c   0x00000034   Code   RO         3421    i.atk_8266_check_cmd  common.o
    0x08008370   0x00000044   Code   RO         3422    i.atk_8266_consta_check  common.o
    0x080083b4   0x00000054   Code   RO         3423    i.atk_8266_get_wanip  common.o
    0x08008408   0x00000070   Code   RO         3424    i.atk_8266_quit_trans  common.o
    0x08008478   0x00000074   Code   RO         3425    i.atk_8266_send_cmd  common.o
    0x080084ec   0x0000005c   Code   RO         3426    i.atk_8266_send_data  common.o
    0x08008548   0x00000350   Code   RO         3396    i.atk_8266_wifiap_connect  wifiap.o
    0x08008898   0x000000ec   Code   RO         3427    i.atk_8266_wificonf_show  common.o
    0x08008984   0x0000006c   Code   RO         3913    i.car_start_test    motor.o
    0x080089f0   0x00000012   Code   RO         3914    i.car_stop          motor.o
    0x08008a02   0x00000002   PAD
    0x08008a04   0x00000064   Code   RO         3915    i.close_change_speed  motor.o
    0x08008a68   0x00000044   Code   RO         3301    i.delay_init        delay.o
    0x08008aac   0x0000004c   Code   RO         3302    i.delay_ms          delay.o
    0x08008af8   0x0000004c   Code   RO         3303    i.delay_us          delay.o
    0x08008b44   0x0000001c   Code   RO         3357    i.fputc             usart.o
    0x08008b60   0x0000009c   Code   RO         4090    i.get_encoder_TWO   getencoder.o
    0x08008bfc   0x000003cc   Code   RO            2    i.main              main.o
    0x08008fc8   0x0000006c   Code   RO         3482    i.my_mem_free       malloc.o
    0x08009034   0x00000044   Code   RO         3483    i.my_mem_init       malloc.o
    0x08009078   0x000000a8   Code   RO         3484    i.my_mem_malloc     malloc.o
    0x08009120   0x00000040   Code   RO         3485    i.my_mem_perused    malloc.o
    0x08009160   0x00000024   Code   RO         3486    i.myfree            malloc.o
    0x08009184   0x00000028   Code   RO         3487    i.mymalloc          malloc.o
    0x080091ac   0x00000014   Code   RO         3489    i.mymemset          malloc.o
    0x080091c0   0x00000028   Code   RO         3397    i.quit_connect      wifiap.o
    0x080091e8   0x00000080   Code   RO         3398    i.tcp_send_test     wifiap.o
    0x08009268   0x00000050   Code   RO         3829    i.u3_printf         usart3.o
    0x080092b8   0x000000a0   Code   RO         3358    i.uart_init         usart.o
    0x08009358   0x000000d0   Code   RO         3830    i.usart3_init       usart3.o
    0x08009428   0x0000002c   Code   RO         4397    locale$$code        c_w.l(lc_numeric_c.o)
    0x08009454   0x0000002c   Code   RO         4417    locale$$code        c_w.l(lc_ctype_c.o)
    0x08009480   0x00000150   Code   RO         4213    x$fpl$dadd          fz_ws.l(daddsub_clz.o)
    0x080095d0   0x000002b0   Code   RO         4220    x$fpl$ddiv          fz_ws.l(ddiv.o)
    0x08009880   0x0000005a   Code   RO         4223    x$fpl$dfixu         fz_ws.l(dfixu.o)
    0x080098da   0x00000026   Code   RO         4227    x$fpl$dfltu         fz_ws.l(dflt_clz.o)
    0x08009900   0x00000154   Code   RO         4233    x$fpl$dmul          fz_ws.l(dmul.o)
    0x08009a54   0x0000009c   Code   RO         4309    x$fpl$dnaninf       fz_ws.l(dnaninf.o)
    0x08009af0   0x0000000c   Code   RO         4311    x$fpl$dretinf       fz_ws.l(dretinf.o)
    0x08009afc   0x000001d4   Code   RO         4215    x$fpl$dsub          fz_ws.l(daddsub_clz.o)
    0x08009cd0   0x00000056   Code   RO         4235    x$fpl$f2d           fz_ws.l(f2d.o)
    0x08009d26   0x00000002   PAD
    0x08009d28   0x000000c4   Code   RO         4237    x$fpl$fadd          fz_ws.l(faddsub_clz.o)
    0x08009dec   0x00000018   Code   RO         4313    x$fpl$fcmpinf       fz_ws.l(fcmpi.o)
    0x08009e04   0x00000068   Code   RO         4243    x$fpl$feqf          fz_ws.l(feqf.o)
    0x08009e6c   0x00000036   Code   RO         4245    x$fpl$ffix          fz_ws.l(ffix.o)
    0x08009ea2   0x00000002   PAD
    0x08009ea4   0x00000030   Code   RO         4250    x$fpl$fflt          fz_ws.l(fflt_clz.o)
    0x08009ed4   0x00000068   Code   RO         4255    x$fpl$fleqf         fz_ws.l(fleqf.o)
    0x08009f3c   0x00000102   Code   RO         4257    x$fpl$fmul          fz_ws.l(fmul.o)
    0x0800a03e   0x0000008c   Code   RO         4315    x$fpl$fnaninf       fz_ws.l(fnaninf.o)
    0x0800a0ca   0x0000000a   Code   RO         4317    x$fpl$fretinf       fz_ws.l(fretinf.o)
    0x0800a0d4   0x00000062   Code   RO         4259    x$fpl$frleqf        fz_ws.l(frleqf.o)
    0x0800a136   0x00000002   PAD
    0x0800a138   0x000000ea   Code   RO         4239    x$fpl$fsub          fz_ws.l(faddsub_clz.o)
    0x0800a222   0x00000004   Code   RO         4319    x$fpl$printf1       fz_ws.l(printf1.o)
    0x0800a226   0x00000004   Code   RO         4321    x$fpl$printf2       fz_ws.l(printf2.o)
    0x0800a22a   0x00000000   Code   RO         4327    x$fpl$usenofp       fz_ws.l(usenofp.o)
    0x0800a22a   0x00000002   PAD
    0x0800a22c   0x00000018   Data   RO         3494    .constdata          malloc.o
    0x0800a244   0x000017c0   Data   RO         3603    .constdata          lcd.o
    0x0800ba04   0x00000028   Data   RO         4179    .constdata          c_w.l(_printf_hex_int_ll_ptr.o)
    0x0800ba2c   0x00000011   Data   RO         4199    .constdata          c_w.l(__printf_flags_ss_wp.o)
    0x0800ba3d   0x00000003   PAD
    0x0800ba40   0x00000008   Data   RO         4279    .constdata          c_w.l(_printf_wctomb.o)
    0x0800ba48   0x00000026   Data   RO         4348    .constdata          c_w.l(_printf_fp_hex.o)
    0x0800ba6e   0x00000002   PAD
    0x0800ba70   0x00000094   Data   RO         4372    .constdata          c_w.l(bigflt0.o)
    0x0800bb04   0x0000008b   Data   RO         3428    .conststring        common.o
    0x0800bb8f   0x00000001   PAD
    0x0800bb90   0x00000020   Data   RO         4539    Region$$Table       anon$$obj.o
    0x0800bbb0   0x0000001c   Data   RO         4396    locale$$data        c_w.l(lc_numeric_c.o)
    0x0800bbcc   0x00000110   Data   RO         4416    locale$$data        c_w.l(lc_ctype_c.o)


    Execution Region RW_IRAM1 (Base: 0x20000000, Size: 0x0000b788, Max: 0x00010000, ABSOLUTE, COMPRESSED[0x00000070])

    Base Addr    Size         Type   Attr      Idx    E Section Name        Object

    0x20000000   0x0000000c   Data   RW            3    .data               main.o
    0x2000000c   0x00000010   Data   RW          179    .data               stm32f10x_it.o
    0x2000001c   0x00000014   Data   RW          286    .data               system_stm32f10x.o
    0x20000030   0x00000014   Data   RW         1931    .data               stm32f10x_rcc.o
    0x20000044   0x00000004   Data   RW         3304    .data               delay.o
    0x20000048   0x00000006   Data   RW         3360    .data               usart.o
    0x2000004e   0x00000002   PAD
    0x20000050   0x0000003c   Data   RW         3429    .data               common.o
    0x2000008c   0x0000001c   Data   RW         3495    .data               malloc.o
    0x200000a8   0x00000004   Data   RW         3604    .data               lcd.o
    0x200000ac   0x00000004   Data   RW         3801    .data               timer.o
    0x200000b0   0x00000002   Data   RW         3832    .data               usart3.o
    0x200000b2   0x00000002   PAD
    0x200000b4   0x0000000e   Data   RW         3916    .data               motor.o
    0x200000c2   0x00000006   PAD
    0x200000c8   0x00000060   Data   RW         4008    .data               adc.o
    0x20000128   0x00000028   Data   RW         4091    .data               getencoder.o
    0x20000150   0x0000000c   Data   RW         4113    .data               pidcontoller.o
    0x2000015c   0x000000c8   Zero   RW         3359    .bss                usart.o
    0x20000224   0x0000001c   PAD
    0x20000240   0x0000aa00   Zero   RW         3493    .bss                malloc.o
    0x2000ac40   0x0000000e   Zero   RW         3602    .bss                lcd.o
    0x2000ac4e   0x000004b0   Zero   RW         3831    .bss                usart3.o
    0x2000b0fe   0x00000002   PAD
    0x2000b100   0x00000028   Zero   RW         4112    .bss                pidcontoller.o
    0x2000b128   0x00000060   Zero   RW         4412    .bss                c_w.l(libspace.o)
    0x2000b188   0x00000200   Zero   RW          328    HEAP                startup_stm32f10x_hd.o
    0x2000b388   0x00000400   Zero   RW          327    STACK               startup_stm32f10x_hd.o



  Load Region LR$$.ARM.__AT_0x68000000 (Base: 0x68000000, Size: 0x00000000, Max: 0x000f0000, ABSOLUTE)

    Execution Region ER$$.ARM.__AT_0x68000000 (Base: 0x68000000, Size: 0x000f0000, Max: 0x000f0000, ABSOLUTE, UNINIT)

    Base Addr    Size         Type   Attr      Idx    E Section Name        Object

    0x68000000   0x000f0000   Zero   RW         3491    .ARM.__AT_0x68000000  malloc.o



  Load Region LR$$.ARM.__AT_0x680F0000 (Base: 0x680f0000, Size: 0x00000000, Max: 0x0000f000, ABSOLUTE)

    Execution Region ER$$.ARM.__AT_0x680F0000 (Base: 0x680f0000, Size: 0x0000f000, Max: 0x0000f000, ABSOLUTE, UNINIT)

    Base Addr    Size         Type   Attr      Idx    E Section Name        Object

    0x680f0000   0x0000f000   Zero   RW         3492    .ARM.__AT_0x680F0000  malloc.o


==============================================================================

Image component sizes


      Code (inc. data)   RO Data    RW Data    ZI Data      Debug   Object Name

      1840        166          0         96          0       6198   adc.o
       820        158        139         60          0       5893   common.o
         0          0          0          0          0         32   core_cm3.o
       220         26          0          4          0       1691   delay.o
       548         30          0          0          0       2641   exti.o
       156         22          0         40          0       1032   getencoder.o
        60          8          0          0          0        487   key.o
     17288        202       6080          4         14      22641   lcd.o
       112         12          0          0          0        969   led.o
      1030         92          0         12          0     274740   main.o
       504         60         24         28    1088000       5981   malloc.o
       172         22          0          0          0       1937   misc.o
      1290         86          0         14          0       7482   motor.o
       318         34          0         12         40       2040   pidcontoller.o
        64         26        304          0       1536        820   startup_stm32f10x_hd.o
       508         24          0          0          0       8771   stm32f10x_adc.o
       160         12          0          0          0       1405   stm32f10x_exti.o
       282          6          0          0          0       1725   stm32f10x_fsmc.o
       374          4          0          0          0       4137   stm32f10x_gpio.o
       234         30          0         16          0     208836   stm32f10x_it.o
       396         56          0         20          0       6455   stm32f10x_rcc.o
      1546        180          0          0          0      13843   stm32f10x_tim.o
       598         28          0          0          0       6508   stm32f10x_usart.o
       328         28          0         20          0       2045   system_stm32f10x.o
       116         14          0          4          0       1305   timer.o
       332         26          0          6        200       4128   usart.o
       400         42          0          2       1200       3274   usart3.o
      1016        382          0          0          0       1993   wifiap.o

    ----------------------------------------------------------------------
     30744       1776       6580        348    1091020     599009   Object Totals
         0          0         32          0          0          0   (incl. Generated)
        32          0          1         10         30          0   (incl. Padding)

    ----------------------------------------------------------------------

      Code (inc. data)   RO Data    RW Data    ZI Data      Debug   Library Member Name

        24          4          0          0          0         84   __2printf.o
        44          6          0          0          0         84   __2sprintf.o
        90          0          0          0          0          0   __dczerorl2.o
         8          0          0          0          0         68   __main.o
       392          4         17          0          0         92   __printf_flags_ss_wp.o
        14          0          0          0          0         68   __printf_wp.o
         0          0          0          0          0          0   __rtentry.o
        12          0          0          0          0          0   __rtentry2.o
         6          0          0          0          0          0   __rtentry4.o
        52          8          0          0          0          0   __scatter.o
        28          0          0          0          0          0   __scatter_zi.o
         6          0          0          0          0          0   _printf_a.o
         6          0          0          0          0          0   _printf_c.o
        44          0          0          0          0        108   _printf_char.o
        48          6          0          0          0         96   _printf_char_common.o
        36          4          0          0          0         80   _printf_char_file.o
        40          0          0          0          0         68   _printf_charcount.o
         6          0          0          0          0          0   _printf_d.o
       120         16          0          0          0         92   _printf_dec.o
         6          0          0          0          0          0   _printf_e.o
         6          0          0          0          0          0   _printf_f.o
      1050          0          0          0          0        216   _printf_fp_dec.o
       764          8         38          0          0        100   _printf_fp_hex.o
       128         16          0          0          0         84   _printf_fp_infnan.o
         6          0          0          0          0          0   _printf_g.o
       148          4         40          0          0        160   _printf_hex_int_ll_ptr.o
         6          0          0          0          0          0   _printf_i.o
       178          0          0          0          0         88   _printf_intcommon.o
        10          0          0          0          0          0   _printf_l.o
         6          0          0          0          0          0   _printf_lc.o
        10          0          0          0          0          0   _printf_ll.o
         6          0          0          0          0          0   _printf_lld.o
         6          0          0          0          0          0   _printf_lli.o
         6          0          0          0          0          0   _printf_llo.o
         6          0          0          0          0          0   _printf_llu.o
         6          0          0          0          0          0   _printf_llx.o
       124         16          0          0          0         92   _printf_longlong_dec.o
         6          0          0          0          0          0   _printf_ls.o
         6          0          0          0          0          0   _printf_n.o
         6          0          0          0          0          0   _printf_o.o
       112         10          0          0          0        124   _printf_oct_int_ll.o
         6          0          0          0          0          0   _printf_p.o
        78          0          0          0          0        108   _printf_pad.o
         0          0          0          0          0          0   _printf_percent.o
         4          0          0          0          0          0   _printf_percent_end.o
         6          0          0          0          0          0   _printf_s.o
        82          0          0          0          0         80   _printf_str.o
        36          0          0          0          0         84   _printf_truncate.o
         6          0          0          0          0          0   _printf_u.o
        44          0          0          0          0        108   _printf_wchar.o
       188          6          8          0          0         92   _printf_wctomb.o
         6          0          0          0          0          0   _printf_x.o
        10          0          0          0          0         68   _sputc.o
        64          0          0          0          0         92   _wcrtomb.o
       220          4        148          0          0         96   bigflt0.o
      1910        128          0          0          0        672   btod.o
        18          0          0          0          0         80   exit.o
         8          0          0          0          0         68   ferror.o
         6          0          0          0          0        152   heapauxi.o
        44         10        272          0          0         76   lc_ctype_c.o
        44         10         28          0          0         76   lc_numeric_c.o
         2          0          0          0          0          0   libinit.o
        30          0          0          0          0          0   libinit2.o
         2          0          0          0          0          0   libshutdown.o
         2          0          0          0          0          0   libshutdown2.o
         8          4          0          0         96         68   libspace.o
       138          0          0          0          0         80   lludiv10.o
        16          4          0          0          0         76   rt_ctype_table.o
         8          4          0          0          0         68   rt_locale_intlibspace.o
         2          0          0          0          0          0   rtexit.o
        10          0          0          0          0          0   rtexit2.o
       128          0          0          0          0         68   strcmpv7m.o
        62          0          0          0          0         76   strlen.o
        36          0          0          0          0         80   strstr.o
        74          0          0          0          0         80   sys_stackheap_outer.o
         2          0          0          0          0         68   use_no_semi.o
         2          0          0          0          0         68   use_no_semi_2.o
        36          4          0          0          0         76   vsprintf.o
       804         16          0          0          0        272   daddsub_clz.o
       688        140          0          0          0        208   ddiv.o
        90          4          0          0          0         92   dfixu.o
        38          0          0          0          0         68   dflt_clz.o
       340         12          0          0          0        104   dmul.o
       156          4          0          0          0         92   dnaninf.o
        12          0          0          0          0         68   dretinf.o
        86          4          0          0          0         84   f2d.o
       430          8          0          0          0        168   faddsub_clz.o
        24          0          0          0          0         68   fcmpi.o
       104          4          0          0          0         84   feqf.o
        54          4          0          0          0         84   ffix.o
        48          0          0          0          0         68   fflt_clz.o
       104          4          0          0          0         84   fleqf.o
       258          4          0          0          0         84   fmul.o
       140          4          0          0          0         84   fnaninf.o
        10          0          0          0          0         68   fretinf.o
        98          0          0          0          0         68   frleqf.o
         4          0          0          0          0         68   printf1.o
         4          0          0          0          0         68   printf2.o
         0          0          0          0          0          0   usenofp.o
        40          0          0          0          0         68   fpclassify.o

    ----------------------------------------------------------------------
     10468        484        556          0         96       6416   Library Totals
        20          0          5          0          0          0   (incl. Padding)

    ----------------------------------------------------------------------

      Code (inc. data)   RO Data    RW Data    ZI Data      Debug   Library Name

      6916        276        551          0         96       4364   c_w.l
      3492        208          0          0          0       1984   fz_ws.l
        40          0          0          0          0         68   m_ws.l

    ----------------------------------------------------------------------
     10468        484        556          0         96       6416   Library Totals

    ----------------------------------------------------------------------

==============================================================================


      Code (inc. data)   RO Data    RW Data    ZI Data      Debug   

     41212       2260       7136        348    1091116     593877   Grand Totals
     41212       2260       7136        112    1091116     593877   ELF Image Totals (compressed)
     41212       2260       7136        112          0          0   ROM Totals

==============================================================================

    Total RO  Size (Code + RO Data)                48348 (  47.21kB)
    Total RW  Size (RW Data + ZI Data)           1091464 (1065.88kB)
    Total ROM Size (Code + RO Data + RW Data)      48460 (  47.32kB)

==============================================================================

